12-27 14:28:16.677 14098 14131 D linker  : ... dlopen calling constructors: realpath="/data/data/com.ss.android.ugc.aweme/files/plugins/com.ss.android.ugc.aweme.miniapp/version-92004/apk/oat/arm/base-1.odex", soname="base-1.odex", handle=0x5f82e2fb
12-27 14:28:16.677 14098 14131 D linker  : ... dlopen successful: realpath="/data/data/com.ss.android.ugc.aweme/files/plugins/com.ss.android.ugc.aweme.miniapp/version-92004/apk/oat/arm/base-1.odex", soname="base-1.odex", handle=0x5f82e2fb
12-27 14:28:16.678 14098 14131 D linker  : dlsym(handle=0x5f82e2fb("/data/data/com.ss.android.ugc.aweme/files/plugins/com.ss.android.ugc.aweme.miniapp/version-92004/apk/oat/arm/base-1.odex"), sym_name="oatdata", sym_ver="(null)", caller="/system/lib/libart.so", caller_ns=(default)@0xf58aa2e0) ...
12-27 14:28:16.678 14098 14131 D linker  : ... dlsym successful: sym_name="oatdata", sym_ver="(null)", found in="base-1.odex", address=0xc5f50000
12-27 14:28:16.678 14098 14131 D linker  : dlsym(handle=0x5f82e2fb("/data/data/com.ss.android.ugc.aweme/files/plugins/com.ss.android.ugc.aweme.miniapp/version-92004/apk/oat/arm/base-1.odex"), sym_name="oatlastword", sym_ver="(null)", caller="/system/lib/libart.so", caller_ns=(default)@0xf58aa2e0) ...
12-27 14:28:16.678 14098 14131 D linker  : ... dlsym successful: sym_name="oatlastword", sym_ver="(null)", found in="base-1.odex", address=0xc5fd1f1c
12-27 14:28:16.678 14098 14131 D linker  : dlsym(handle=0x5f82e2fb("/data/data/com.ss.android.ugc.aweme/files/plugins/com.ss.android.ugc.aweme.miniapp/version-92004/apk/oat/arm/base-1.odex"), sym_name="oatbss", sym_ver="(null)", caller="/system/lib/libart.so", caller_ns=(default)@0xf58aa2e0) ...
12-27 14:28:16.678 14098 14131 D linker  : ... dlsym successful: sym_name="oatbss", sym_ver="(null)", found in="base-1.odex", address=0xc5fd2000
12-27 14:28:16.678 14098 14131 D linker  : dlsym(handle=0x5f82e2fb("/data/data/com.ss.android.ugc.aweme/files/plugins/com.ss.android.ugc.aweme.miniapp/version-92004/apk/oat/arm/base-1.odex"), sym_name="oatbsslastword", sym_ver="(null)", caller="/system/lib/libart.so", caller_ns=(default)@0xf58aa2e0) ...
12-27 14:28:16.678 14098 14131 D linker  : ... dlsym successful: sym_name="oatbsslastword", sym_ver="(null)", found in="base-1.odex", address=0xc5fd3160
12-27 14:28:16.678 14098 14131 D linker  : dlsym(handle=0x5f82e2fb("/data/data/com.ss.android.ugc.aweme/files/plugins/com.ss.android.ugc.aweme.miniapp/version-92004/apk/oat/arm/base-1.odex"), sym_name="oatbssmethods", sym_ver="(null)", caller="/system/lib/libart.so", caller_ns=(default)@0xf58aa2e0) ...
12-27 14:28:16.678 14098 14131 D linker  : ... dlsym successful: sym_name="oatbssmethods", sym_ver="(null)", found in="base-1.odex", address=0xc5fd2000
12-27 14:28:16.678 14098 14131 D linker  : dlsym(handle=0x5f82e2fb("/data/data/com.ss.android.ugc.aweme/files/plugins/com.ss.android.ugc.aweme.miniapp/version-92004/apk/oat/arm/base-1.odex"), sym_name="oatbssroots", sym_ver="(null)", caller="/system/lib/libart.so", caller_ns=(default)@0xf58aa2e0) ...
12-27 14:28:16.678 14098 14131 D linker  : ... dlsym successful: sym_name="oatbssroots", sym_ver="(null)", found in="base-1.odex", address=0xc5fd238c
12-27 14:28:16.678 14098 14131 D linker  : dlsym(handle=0x5f82e2fb("/data/data/com.ss.android.ugc.aweme/files/plugins/com.ss.android.ugc.aweme.miniapp/version-92004/apk/oat/arm/base-1.odex"), sym_name="oatdex", sym_ver="(null)", caller="/system/lib/libart.so", caller_ns=(default)@0xf58aa2e0) ...
12-27 14:28:16.678 14098 14131 D linker  : ... dlsym successful: sym_name="oatdex", sym_ver="(null)", found in="base-1.odex", address=0xc5fd4000
12-27 14:28:16.679 14098 14131 D linker  : dlsym(handle=0x5f82e2fb("/data/data/com.ss.android.ugc.aweme/files/plugins/com.ss.android.ugc.aweme.miniapp/version-92004/apk/oat/arm/base-1.odex"), sym_name="oatdexlastword", sym_ver="(null)", caller="/system/lib/libart.so", caller_ns=(default)@0xf58aa2e0) ...
12-27 14:28:16.679 14098 14131 D linker  : ... dlsym successful: sym_name="oatdexlastword", sym_ver="(null)", found in="base-1.odex", address=0xc65f0d30
12-27 14:28:16.782 14098 14262 D linker  : dlsym(handle=0x4a144167("/system/app/WebViewGoogle/WebViewGoogle.apk!/lib/armeabi-v7a/libwebviewchromium.so"), sym_name="Java_org_chromium_android_1webview_AwCookieManager_nativeGetShouldAcceptCookies", sym_ver="(null)", caller="/system/lib/libart.so", caller_ns=(default)@0xf58aa2e0) ...
12-27 14:28:16.782 14098 14262 D linker  : ... dlsym successful: sym_name="Java_org_chromium_android_1webview_AwCookieManager_nativeGetShouldAcceptCookies", sym_ver="(null)", found in="libwebviewchromium.so", address=0xdb96c4e9
12-27 14:28:16.784 14098 14262 D linker  : dlsym(handle=0x4a144167("/system/app/WebViewGoogle/WebViewGoogle.apk!/lib/armeabi-v7a/libwebviewchromium.so"), sym_name="Java_org_chromium_android_1webview_AwCookieManager_nativeGetCookie", sym_ver="(null)", caller="/system/lib/libart.so", caller_ns=(default)@0xf58aa2e0) ...
12-27 14:28:16.784 14098 14262 D linker  : ... dlsym successful: sym_name="Java_org_chromium_android_1webview_AwCookieManager_nativeGetCookie", sym_ver="(null)", found in="libwebviewchromium.so", address=0xdb96c699
12-27 14:28:16.785 14246 14246 D linker  : dlopen(name="/system/framework/oat/arm/org.apache.http.legacy.boot.odex", flags=0x0, extinfo=[flags=0xc0, reserved_addr=0x0, reserved_size=0x0, relro_fd=0, library_fd=0, library_fd_offset=0x0, library_namespace=(n/a)@0x0], caller="/system/lib/libart.so", caller_ns=(default)@0xf58aa2e0) ...
12-27 14:28:16.790 14246 14246 D linker  : ... dlopen calling constructors: realpath="/system/framework/oat/arm/org.apache.http.legacy.boot.odex", soname="javalib.odex", handle=0x839ffadd
12-27 14:28:16.790 14246 14246 D linker  : ... dlopen successful: realpath="/system/framework/oat/arm/org.apache.http.legacy.boot.odex", soname="javalib.odex", handle=0x839ffadd
12-27 14:28:16.790 14246 14246 D linker  : dlsym(handle=0x839ffadd("/system/framework/oat/arm/org.apache.http.legacy.boot.odex"), sym_name="oatdata", sym_ver="(null)", caller="/system/lib/libart.so", caller_ns=(default)@0xf58aa2e0) ...
12-27 14:28:16.790 14246 14246 D linker  : ... dlsym successful: sym_name="oatdata", sym_ver="(null)", found in="javalib.odex", address=0xd65ad000
12-27 14:28:16.790 14246 14246 D linker  : dlsym(handle=0x839ffadd("/system/framework/oat/arm/org.apache.http.legacy.boot.odex"), sym_name="oatlastword", sym_ver="(null)", caller="/system/lib/libart.so", caller_ns=(default)@0xf58aa2e0) ...
12-27 14:28:16.790 14246 14246 D linker  : ... dlsym successful: sym_name="oatlastword", sym_ver="(null)", found in="javalib.odex", address=0xd65faee0
12-27 14:28:16.790 14246 14246 D linker  : dlsym(handle=0x839ffadd("/system/framework/oat/arm/org.apache.http.legacy.boot.odex"), sym_name="oatbss", sym_ver="(null)", caller="/system/lib/libart.so", caller_ns=(default)@0xf58aa2e0) ...
12-27 14:28:16.791 14246 14246 D linker  : ... dlsym successful: sym_name="oatbss", sym_ver="(null)", found in="javalib.odex", address=0xd65fb000
12-27 14:28:16.791 14246 14246 D linker  : dlsym(handle=0x839ffadd("/system/framework/oat/arm/org.apache.http.legacy.boot.odex"), sym_name="oatbsslastword", sym_ver="(null)", caller="/system/lib/libart.so", caller_ns=(default)@0xf58aa2e0) ...
12-27 14:28:16.791 14246 14246 D linker  : ... dlsym successful: sym_name="oatbsslastword", sym_ver="(null)", found in="javalib.odex", address=0xd66c5a14
12-27 14:28:16.791 14246 14246 D linker  : dlsym(handle=0x839ffadd("/system/framework/oat/arm/org.apache.http.legacy.boot.odex"), sym_name="oatbssmethods", sym_ver="(null)", caller="/system/lib/libart.so", caller_ns=(default)@0xf58aa2e0) ...
12-27 14:28:16.791 14246 14246 D linker  : ... dlsym successful: sym_name="oatbssmethods", sym_ver="(null)", found in="javalib.odex", address=0xd66c5000
12-27 14:28:16.791 14246 14246 D linker  : dlsym(handle=0x839ffadd("/system/framework/oat/arm/org.apache.http.legacy.boot.odex"), sym_name="oatbssroots", sym_ver="(null)", caller="/system/lib/libart.so", caller_ns=(default)@0xf58aa2e0) ...
12-27 14:28:16.791 14246 14246 D linker  : ... dlsym successful: sym_name="oatbssroots", sym_ver="(null)", found in="javalib.odex", address=0xd66c5244
12-27 14:28:16.791 14246 14246 D linker  : dlsym(handle=0x839ffadd("/system/framework/oat/arm/org.apache.http.legacy.boot.odex"), sym_name="oatdex", sym_ver="(null)", caller="/system/lib/libart.so", caller_ns=(default)@0xf58aa2e0) ...
12-27 14:28:16.791 14246 14246 D linker  : ... dlsym successful: sym_name="oatdex", sym_ver="(null)", found in="javalib.odex", address=0xd66c6000
12-27 14:28:16.791 14246 14246 D linker  : dlsym(handle=0x839ffadd("/system/framework/oat/arm/org.apache.http.legacy.boot.odex"), sym_name="oatdexlastword", sym_ver="(null)", caller="/system/lib/libart.so", caller_ns=(default)@0xf58aa2e0) ...
12-27 14:28:16.791 14246 14246 D linker  : ... dlsym successful: sym_name="oatdexlastword", sym_ver="(null)", found in="javalib.odex", address=0xd673af98
12-27 14:28:16.793 14246 14246 D linker  : dlopen(name="/data/app/com.ss.android.ugc.aweme-ZgFDboAF0nTs1aOAUv9vUw==/oat/arm/base.odex", flags=0x0, extinfo=[flags=0xc0, reserved_addr=0x0, reserved_size=0x0, relro_fd=0, library_fd=0, library_fd_offset=0x0, library_namespace=(n/a)@0x0], caller="/system/lib/libart.so", caller_ns=(default)@0xf58aa2e0) ...
12-27 14:28:16.794 14246 14246 D linker  : ... dlopen calling constructors: realpath="/data/app/com.ss.android.ugc.aweme-ZgFDboAF0nTs1aOAUv9vUw==/oat/arm/base.odex", soname="base.odex", handle=0xdda69883
12-27 14:28:16.794 14246 14246 D linker  : ... dlopen successful: realpath="/data/app/com.ss.android.ugc.aweme-ZgFDboAF0nTs1aOAUv9vUw==/oat/arm/base.odex", soname="base.odex", handle=0xdda69883
12-27 14:28:16.794 14246 14246 D linker  : dlsym(handle=0xdda69883("/data/app/com.ss.android.ugc.aweme-ZgFDboAF0nTs1aOAUv9vUw==/oat/arm/base.odex"), sym_name="oatdata", sym_ver="(null)", caller="/system/lib/libart.so", caller_ns=(default)@0xf58aa2e0) ...
12-27 14:28:16.794 14246 14246 D linker  : ... dlsym successful: sym_name="oatdata", sym_ver="(null)", found in="base.odex", address=0xd09c1000
12-27 14:28:16.794 14246 14246 D linker  : dlsym(handle=0xdda69883("/data/app/com.ss.android.ugc.aweme-ZgFDboAF0nTs1aOAUv9vUw==/oat/arm/base.odex"), sym_name="oatlastword", sym_ver="(null)", caller="/system/lib/libart.so", caller_ns=(default)@0xf58aa2e0) ...
12-27 14:28:16.794 14246 14246 D linker  : ... dlsym successful: sym_name="oatlastword", sym_ver="(null)", found in="base.odex", address=0xd1c88ffc
12-27 14:28:16.794 14246 14246 D linker  : dlsym(handle=0xdda69883("/data/app/com.ss.android.ugc.aweme-ZgFDboAF0nTs1aOAUv9vUw==/oat/arm/base.odex"), sym_name="oatbss", sym_ver="(null)", caller="/system/lib/libart.so", caller_ns=(default)@0xf58aa2e0) ...
12-27 14:28:16.794 14246 14246 D linker  : ... dlsym successful: sym_name="oatbss", sym_ver="(null)", found in="base.odex", address=0xd1c89000
12-27 14:28:16.794 14246 14246 D linker  : dlsym(handle=0xdda69883("/data/app/com.ss.android.ugc.aweme-ZgFDboAF0nTs1aOAUv9vUw==/oat/arm/base.odex"), sym_name="oatbsslastword", sym_ver="(null)", caller="/system/lib/libart.so", caller_ns=(default)@0xf58aa2e0) ...
12-27 14:28:16.794 14246 14246 D linker  : ... dlsym successful: sym_name="oatbsslastword", sym_ver="(null)", found in="base.odex", address=0xd1ca5e1c
12-27 14:28:16.794 14246 14246 D linker  : dlsym(handle=0xdda69883("/data/app/com.ss.android.ugc.aweme-ZgFDboAF0nTs1aOAUv9vUw==/oat/arm/base.odex"), sym_name="oatbssmethods", sym_ver="(null)", caller="/system/lib/libart.so", caller_ns=(default)@0xf58aa2e0) ...
12-27 14:28:16.794 14246 14246 D linker  : ... dlsym successful: sym_name="oatbssmethods", sym_ver="(null)", found in="base.odex", address=0xd1c89000
12-27 14:28:16.794 14246 14246 D linker  : dlsym(handle=0xdda69883("/data/app/com.ss.android.ugc.aweme-ZgFDboAF0nTs1aOAUv9vUw==/oat/arm/base.odex"), sym_name="oatbssroots", sym_ver="(null)", caller="/system/lib/libart.so", caller_ns=(default)@0xf58aa2e0) ...
12-27 14:28:16.794 14246 14246 D linker  : ... dlsym successful: sym_name="oatbssroots", sym_ver="(null)", found in="base.odex", address=0xd1c91a58
12-27 14:28:16.794 14246 14246 D linker  : dlsym(handle=0xdda69883("/data/app/com.ss.android.ugc.aweme-ZgFDboAF0nTs1aOAUv9vUw==/oat/arm/base.odex"), sym_name="oatdex", sym_ver="(null)", caller="/system/lib/libart.so", caller_ns=(default)@0xf58aa2e0) ...
12-27 14:28:16.794 14246 14246 D linker  : ... dlsym successful: sym_name="oatdex", sym_ver="(null)", found in="base.odex", address=0xd1ca6000
12-27 14:28:16.795 14246 14246 D linker  : dlsym(handle=0xdda69883("/data/app/com.ss.android.ugc.aweme-ZgFDboAF0nTs1aOAUv9vUw==/oat/arm/base.odex"), sym_name="oatdexlastword", sym_ver="(null)", caller="/system/lib/libart.so", caller_ns=(default)@0xf58aa2e0) ...
12-27 14:28:16.795 14246 14246 D linker  : ... dlsym successful: sym_name="oatdexlastword", sym_ver="(null)", found in="base.odex", address=0xd657d8b4
12-27 14:28:16.860 14246 14246 D linker  : dlopen(name="/system/lib/libqti_performance.so", flags=0x0, extinfo=(null), caller="/system/lib/libart.so", caller_ns=(default)@0xf58aa2e0) ...
12-27 14:28:16.862 14246 14246 D linker  : ... dlopen calling constructors: realpath="/system/lib/libqti_performance.so", soname="libqti_performance.so", handle=0xe8d4d437
12-27 14:28:16.863 14246 14246 D linker  : ... dlopen successful: realpath="/system/lib/libqti_performance.so", soname="libqti_performance.so", handle=0xe8d4d437
12-27 14:28:16.863 14246 14246 D linker  : dlsym(handle=0xe8d4d437("/system/lib/libqti_performance.so"), sym_name="JNI_OnLoad", sym_ver="(null)", caller="/system/lib/libart.so", caller_ns=(default)@0xf58aa2e0) ...
12-27 14:28:16.863 14246 14246 D linker  : ... dlsym successful: sym_name="JNI_OnLoad", sym_ver="(null)", found in="libqti_performance.so", address=0xd04476b5
12-27 14:28:16.896 14098 14245 D linker  : dlopen(name="/vendor/lib/hw/gralloc.sdm660.so", flags=0x0, extinfo=[flags=0x200, reserved_addr=0x0, reserved_size=0x0, relro_fd=0, library_fd=0, library_fd_offset=0x0, library_namespace=sphal@0xf5612010], caller="/system/lib/libvndksupport.so", caller_ns=(default)@0xf58aa2e0) ...
12-27 14:28:16.898 14246 14281 D linker  : dlopen(name="/data/app/com.ss.android.ugc.aweme-ZgFDboAF0nTs1aOAUv9vUw==/lib/arm/libAkeva.so", flags=0x0, extinfo=[flags=0x200, reserved_addr=0xe49f8200, reserved_size=0x43, relro_fd=91, library_fd=5963776, library_fd_offset=0xe8ee4f802da9da22, library_namespace=classloader-namespace@0xf5612110], caller="/system/lib/libnativeloader.so", caller_ns=(default)@0xf58aa2e0) ...
12-27 14:28:16.901 14246 14281 D linker  : ... dlopen calling constructors: realpath="/data/app/com.ss.android.ugc.aweme-ZgFDboAF0nTs1aOAUv9vUw==/lib/arm/libAkeva.so", soname="libAkeva.so", handle=0xc6717677
12-27 14:28:16.902 14098 14245 D linker  : ... dlopen calling constructors: realpath="/vendor/lib/hw/gralloc.sdm660.so", soname="gralloc.sdm660.so", handle=0xc9a141b1
12-27 14:28:16.902 14098 14245 D linker  : ... dlopen successful: realpath="/vendor/lib/hw/gralloc.sdm660.so", soname="gralloc.sdm660.so", handle=0xc9a141b1
12-27 14:28:16.902 14098 14245 D linker  : dlsym(handle=0xc9a141b1("/vendor/lib/hw/gralloc.sdm660.so"), sym_name="HMI", sym_ver="(null)", caller="/system/lib/vndk-sp-28/libhardware.so", caller_ns=vndk@0xf5612050) ...
12-27 14:28:16.902 14098 14245 D linker  : ... dlsym successful: sym_name="HMI", sym_ver="(null)", found in="gralloc.sdm660.so", address=0xc57b2014
12-27 14:28:16.904 14246 14281 D linker  : ... dlopen successful: realpath="/data/app/com.ss.android.ugc.aweme-ZgFDboAF0nTs1aOAUv9vUw==/lib/arm/libAkeva.so", soname="libAkeva.so", handle=0xc6717677
12-27 14:28:16.908 14246 14281 D linker  : dlsym(handle=0xc6717677("/data/app/com.ss.android.ugc.aweme-ZgFDboAF0nTs1aOAUv9vUw==/lib/arm/libAkeva.so"), sym_name="JNI_OnLoad", sym_ver="(null)", caller="/system/lib/libart.so", caller_ns=(default)@0xf58aa2e0) ...
12-27 14:28:16.908 14246 14281 D linker  : ... dlsym successful: sym_name="JNI_OnLoad", sym_ver="(null)", found in="libAkeva.so", address=0xd00339b9
12-27 14:28:16.938 14098 14245 D linker  : dlopen(name="libEGL_adreno.so", flags=0x0, extinfo=(null), caller="/vendor/lib/egl/libGLESv2_adreno.so", caller_ns=sphal@0xf5612010) ...
12-27 14:28:16.938 14098 14245 D linker  : ... dlopen calling constructors: realpath="/vendor/lib/egl/libEGL_adreno.so", soname="libEGL_adreno.so", handle=0x1001e83
12-27 14:28:16.938 14098 14245 D linker  : ... dlopen successful: realpath="/vendor/lib/egl/libEGL_adreno.so", soname="libEGL_adreno.so", handle=0x1001e83
12-27 14:28:16.938 14098 14245 D linker  : dlsym(handle=0x1001e83("/vendor/lib/egl/libEGL_adreno.so"), sym_name="eglSetBlobCacheFuncsANDROID", sym_ver="(null)", caller="/vendor/lib/egl/libGLESv2_adreno.so", caller_ns=sphal@0xf5612010) ...
12-27 14:28:16.939 14098 14245 D linker  : ... dlsym successful: sym_name="eglSetBlobCacheFuncsANDROID", sym_ver="(null)", found in="libEGL_adreno.so", address=0xe4088097
12-27 14:28:16.948 14098 14245 D linker  : dlsym(handle=0x95e74d63("/system/lib/libEGL.so"), sym_name="glGetStringi", sym_ver="(null)", caller="/system/lib/libEGL.so", caller_ns=(default)@0xf58aa2e0) ...
12-27 14:28:16.948 14098 14245 D linker  : ... dlsym failed: undefined symbol: glGetStringi
12-27 14:28:16.948 14098 14245 D linker  : dlerror set to "undefined symbol: glGetStringi"
12-27 14:28:16.948 14098 14245 D linker  : dlsym(handle=0xf5adf657("/system/lib/libGLESv2.so"), sym_name="glGetStringi", sym_ver="(null)", caller="/system/lib/libEGL.so", caller_ns=(default)@0xf58aa2e0) ...
12-27 14:28:16.948 14098 14245 D linker  : ... dlsym successful: sym_name="glGetStringi", sym_ver="(null)", found in="libGLESv2.so", address=0xf1931b6c
12-27 14:28:16.949 14098 14245 D linker  : dlsym(handle=0x95e74d63("/system/lib/libEGL.so"), sym_name="glBindVertexArrayOES", sym_ver="(null)", caller="/system/lib/libEGL.so", caller_ns=(default)@0xf58aa2e0) ...
12-27 14:28:16.950 14098 14245 D linker  : ... dlsym failed: undefined symbol: glBindVertexArrayOES
12-27 14:28:16.950 14098 14245 D linker  : dlerror set to "undefined symbol: glBindVertexArrayOES"
12-27 14:28:16.950 14098 14245 D linker  : dlsym(handle=0xf5adf657("/system/lib/libGLESv2.so"), sym_name="glBindVertexArrayOES", sym_ver="(null)", caller="/system/lib/libEGL.so", caller_ns=(default)@0xf58aa2e0) ...
12-27 14:28:16.950 14098 14245 D linker  : ... dlsym successful: sym_name="glBindVertexArrayOES", sym_ver="(null)", found in="libGLESv2.so", address=0xf192f930
12-27 14:28:16.950 14098 14245 D linker  : dlsym(handle=0x95e74d63("/system/lib/libEGL.so"), sym_name="glBindFragDataLocationEXT", sym_ver="(null)", caller="/system/lib/libEGL.so", caller_ns=(default)@0xf58aa2e0) ...
12-27 14:28:16.950 14098 14245 D linker  : ... dlsym failed: undefined symbol: glBindFragDataLocationEXT
12-27 14:28:16.950 14098 14245 D linker  : dlerror set to "undefined symbol: glBindFragDataLocationEXT"
12-27 14:28:16.950 14098 14245 D linker  : dlsym(handle=0xf5adf657("/system/lib/libGLESv2.so"), sym_name="glBindFragDataLocationEXT", sym_ver="(null)", caller="/system/lib/libEGL.so", caller_ns=(default)@0xf58aa2e0) ...
12-27 14:28:16.950 14098 14245 D linker  : ... dlsym successful: sym_name="glBindFragDataLocationEXT", sym_ver="(null)", found in="libGLESv2.so", address=0xf192fcd8
12-27 14:28:16.950 14098 14245 D linker  : dlsym(handle=0x95e74d63("/system/lib/libEGL.so"), sym_name="glBindFragDataLocationIndexedEXT", sym_ver="(null)", caller="/system/lib/libEGL.so", caller_ns=(default)@0xf58aa2e0) ...
12-27 14:28:16.950 14098 14245 D linker  : ... dlsym failed: undefined symbol: glBindFragDataLocationIndexedEXT
12-27 14:28:16.950 14098 14245 D linker  : dlerror set to "undefined symbol: glBindFragDataLocationIndexedEXT"
12-27 14:28:16.950 14098 14245 D linker  : dlsym(handle=0xf5adf657("/system/lib/libGLESv2.so"), sym_name="glBindFragDataLocationIndexedEXT", sym_ver="(null)", caller="/system/lib/libEGL.so", caller_ns=(default)@0xf58aa2e0) ...
12-27 14:28:16.950 14098 14245 D linker  : ... dlsym successful: sym_name="glBindFragDataLocationIndexedEXT", sym_ver="(null)", found in="libGLESv2.so", address=0xf192fcc4
12-27 14:28:16.950 14098 14245 D linker  : dlsym(handle=0x95e74d63("/system/lib/libEGL.so"), sym_name="glBlendBarrierKHR", sym_ver="(null)", caller="/system/lib/libEGL.so", caller_ns=(default)@0xf58aa2e0) ...
12-27 14:28:16.951 14098 14245 D linker  : ... dlsym failed: undefined symbol: glBlendBarrierKHR
12-27 14:28:16.951 14098 14245 D linker  : dlerror set to "undefined symbol: glBlendBarrierKHR"
12-27 14:28:16.951 14098 14245 D linker  : dlsym(handle=0xf5adf657("/system/lib/libGLESv2.so"), sym_name="glBlendBarrierKHR", sym_ver="(null)", caller="/system/lib/libEGL.so", caller_ns=(default)@0xf58aa2e0) ...
12-27 14:28:16.951 14098 14245 D linker  : ... dlsym successful: sym_name="glBlendBarrierKHR", sym_ver="(null)", found in="libGLESv2.so", address=0xf192f46c
12-27 14:28:16.951 14098 14245 D linker  : dlsym(handle=0x95e74d63("/system/lib/libEGL.so"), sym_name="glDeleteVertexArraysOES", sym_ver="(null)", caller="/system/lib/libEGL.so", caller_ns=(default)@0xf58aa2e0) ...
12-27 14:28:16.951 14098 14245 D linker  : ... dlsym failed: undefined symbol: glDeleteVertexArraysOES
12-27 14:28:16.951 14098 14245 D linker  : dlerror set to "undefined symbol: glDeleteVertexArraysOES"
12-27 14:28:16.951 14098 14245 D linker  : dlsym(handle=0xf5adf657("/system/lib/libGLESv2.so"), sym_name="glDeleteVertexArraysOES", sym_ver="(null)", caller="/system/lib/libEGL.so", caller_ns=(default)@0xf58aa2e0) ...
12-27 14:28:16.951 14098 14245 D linker  : ... dlsym successful: sym_name="glDeleteVertexArraysOES", sym_ver="(null)", found in="libGLESv2.so", address=0xf192f944
12-27 14:28:16.951 14098 14245 D linker  : dlsym(handle=0x95e74d63("/system/lib/libEGL.so"), sym_name="glDrawArraysInstanced", sym_ver="(null)", caller="/system/lib/libEGL.so", caller_ns=(default)@0xf58aa2e0) ...
12-27 14:28:16.951 14098 14245 D linker  : ... dlsym failed: undefined symbol: glDrawArraysInstanced
12-27 14:28:16.952 14098 14245 D linker  : dlerror set to "undefined symbol: glDrawArraysInstanced"
12-27 14:28:16.952 14098 14245 D linker  : dlsym(handle=0xf5adf657("/system/lib/libGLESv2.so"), sym_name="glDrawArraysInstanced", sym_ver="(null)", caller="/system/lib/libEGL.so", caller_ns=(default)@0xf58aa2e0) ...
12-27 14:28:16.952 14098 14245 D linker  : ... dlsym successful: sym_name="glDrawArraysInstanced", sym_ver="(null)", found in="libGLESv2.so", address=0xf192e8c0
12-27 14:28:16.952 14098 14245 D linker  : dlsym(handle=0x95e74d63("/system/lib/libEGL.so"), sym_name="glDrawBuffers", sym_ver="(null)", caller="/system/lib/libEGL.so", caller_ns=(default)@0xf58aa2e0) ...
12-27 14:28:16.952 14098 14245 D linker  : ... dlsym failed: undefined symbol: glDrawBuffers
12-27 14:28:16.952 14098 14245 D linker  : dlerror set to "undefined symbol: glDrawBuffers"
12-27 14:28:16.952 14098 14245 D linker  : dlsym(handle=0xf5adf657("/system/lib/libGLESv2.so"), sym_name="glDrawBuffers", sym_ver="(null)", caller="/system/lib/libEGL.so", caller_ns=(default)@0xf58aa2e0) ...
12-27 14:28:16.952 14098 14245 D linker  : ... dlsym successful: sym_name="glDrawBuffers", sym_ver="(null)", found in="libGLESv2.so", address=0xf192e4b4
12-27 14:28:16.952 14098 14245 D linker  : dlsym(handle=0x95e74d63("/system/lib/libEGL.so"), sym_name="glDrawElementsInstanced", sym_ver="(null)", caller="/system/lib/libEGL.so", caller_ns=(default)@0xf58aa2e0) ...
12-27 14:28:16.952 14098 14245 D linker  : ... dlsym failed: undefined symbol: glDrawElementsInstanced
12-27 14:28:16.952 14098 14245 D linker  : dlerror set to "undefined symbol: glDrawElementsInstanced"
12-27 14:28:16.953 14098 14245 D linker  : dlsym(handle=0xf5adf657("/system/lib/libGLESv2.so"), sym_name="glDrawElementsInstanced", sym_ver="(null)", caller="/system/lib/libEGL.so", caller_ns=(default)@0xf58aa2e0) ...
12-27 14:28:16.953 14098 14245 D linker  : ... dlsym successful: sym_name="glDrawElementsInstanced", sym_ver="(null)", found in="libGLESv2.so", address=0xf192e8d4
12-27 14:28:16.953 14098 14245 D linker  : dlsym(handle=0x95e74d63("/system/lib/libEGL.so"), sym_name="glDrawArraysIndirect", sym_ver="(null)", caller="/system/lib/libEGL.so", caller_ns=(default)@0xf58aa2e0) ...
12-27 14:28:16.953 14098 14245 D linker  : ... dlsym failed: undefined symbol: glDrawArraysIndirect
12-27 14:28:16.953 14098 14245 D linker  : dlerror set to "undefined symbol: glDrawArraysIndirect"
12-27 14:28:16.953 14098 14245 D linker  : dlsym(handle=0xf5adf657("/system/lib/libGLESv2.so"), sym_name="glDrawArraysIndirect", sym_ver="(null)", caller="/system/lib/libEGL.so", caller_ns=(default)@0xf58aa2e0) ...
12-27 14:28:16.953 14098 14245 D linker  : ... dlsym successful: sym_name="glDrawArraysIndirect", sym_ver="(null)", found in="libGLESv2.so", address=0xf192ebb8
12-27 14:28:16.953 14246 14287 D linker  : dlopen(name="/data/dalvik-cache/arm/system@app@WebViewGoogle@WebViewGoogle.apk@classes.dex", flags=0x0, extinfo=[flags=0xc0, reserved_addr=0x0, reserved_size=0x0, relro_fd=0, library_fd=0, library_fd_offset=0x0, library_namespace=(n/a)@0x0], caller="/system/lib/libart.so", caller_ns=(default)@0xf58aa2e0) ...
12-27 14:28:16.953 14098 14245 D linker  : dlsym(handle=0x95e74d63("/system/lib/libEGL.so"), sym_name="glDrawElementsIndirect", sym_ver="(null)", caller="/system/lib/libEGL.so", caller_ns=(default)@0xf58aa2e0) ...
12-27 14:28:16.953 14098 14245 D linker  : ... dlsym failed: undefined symbol: glDrawElementsIndirect
12-27 14:28:16.953 14098 14245 D linker  : dlerror set to "undefined symbol: glDrawElementsIndirect"
12-27 14:28:16.953 14098 14245 D linker  : dlsym(handle=0xf5adf657("/system/lib/libGLESv2.so"), sym_name="glDrawElementsIndirect", sym_ver="(null)", caller="/system/lib/libEGL.so", caller_ns=(default)@0xf58aa2e0) ...
12-27 14:28:16.953 14098 14245 D linker  : ... dlsym successful: sym_name="glDrawElementsIndirect", sym_ver="(null)", found in="libGLESv2.so", address=0xf192ebcc
12-27 14:28:16.954 14098 14245 D linker  : dlsym(handle=0x95e74d63("/system/lib/libEGL.so"), sym_name="glDrawRangeElements", sym_ver="(null)", caller="/system/lib/libEGL.so", caller_ns=(default)@0xf58aa2e0) ...
12-27 14:28:16.954 14098 14245 D linker  : ... dlsym failed: undefined symbol: glDrawRangeElements
12-27 14:28:16.954 14098 14245 D linker  : dlerror set to "undefined symbol: glDrawRangeElements"
12-27 14:28:16.954 14098 14245 D linker  : dlsym(handle=0xf5adf657("/system/lib/libGLESv2.so"), sym_name="glDrawRangeElements", sym_ver="(null)", caller="/system/lib/libEGL.so", caller_ns=(default)@0xf58aa2e0) ...
12-27 14:28:16.954 14098 14245 D linker  : ... dlsym successful: sym_name="glDrawRangeElements", sym_ver="(null)", found in="libGLESv2.so", address=0xf192e380
12-27 14:28:16.954 14098 14245 D linker  : dlsym(handle=0x95e74d63("/system/lib/libEGL.so"), sym_name="glGenVertexArraysOES", sym_ver="(null)", caller="/system/lib/libEGL.so", caller_ns=(default)@0xf58aa2e0) ...
12-27 14:28:16.954 14098 14245 D linker  : ... dlsym failed: undefined symbol: glGenVertexArraysOES
12-27 14:28:16.954 14098 14245 D linker  : dlerror set to "undefined symbol: glGenVertexArraysOES"
12-27 14:28:16.954 14098 14245 D linker  : dlsym(handle=0xf5adf657("/system/lib/libGLESv2.so"), sym_name="glGenVertexArraysOES", sym_ver="(null)", caller="/system/lib/libEGL.so", caller_ns=(default)@0xf58aa2e0) ...
12-27 14:28:16.954 14098 14245 D linker  : ... dlsym successful: sym_name="glGenVertexArraysOES", sym_ver="(null)", found in="libGLESv2.so", address=0xf192f958
12-27 14:28:16.954 14098 14245 D linker  : dlsym(handle=0x95e74d63("/system/lib/libEGL.so"), sym_name="glGetMultisamplefv", sym_ver="(null)", caller="/system/lib/libEGL.so", caller_ns=(default)@0xf58aa2e0) ...
12-27 14:28:16.954 14098 14245 D linker  : ... dlsym failed: undefined symbol: glGetMultisamplefv
12-27 14:28:16.954 14098 14245 D linker  : dlerror set to "undefined symbol: glGetMultisamplefv"
12-27 14:28:16.954 14098 14245 D linker  : dlsym(handle=0xf5adf657("/system/lib/libGLESv2.so"), sym_name="glGetMultisamplefv", sym_ver="(null)", caller="/system/lib/libEGL.so", caller_ns=(default)@0xf58aa2e0) ...
12-27 14:28:16.954 14098 14245 D linker  : ... dlsym successful: sym_name="glGetMultisamplefv", sym_ver="(null)", found in="libGLESv2.so", address=0xf192f03c
12-27 14:28:16.955 14098 14245 D linker  : dlsym(handle=0x95e74d63("/system/lib/libEGL.so"), sym_name="glGetStringi", sym_ver="(null)", caller="/system/lib/libEGL.so", caller_ns=(default)@0xf58aa2e0) ...
12-27 14:28:16.955 14098 14245 D linker  : ... dlsym failed: undefined symbol: glGetStringi
12-27 14:28:16.955 14098 14245 D linker  : dlerror set to "undefined symbol: glGetStringi"
12-27 14:28:16.955 14098 14245 D linker  : dlsym(handle=0xf5adf657("/system/lib/libGLESv2.so"), sym_name="glGetStringi", sym_ver="(null)", caller="/system/lib/libEGL.so", caller_ns=(default)@0xf58aa2e0) ...
12-27 14:28:16.955 14098 14245 D linker  : ... dlsym successful: sym_name="glGetStringi", sym_ver="(null)", found in="libGLESv2.so", address=0xf1931b6c
12-27 14:28:16.955 14098 14245 D linker  : dlsym(handle=0x95e74d63("/system/lib/libEGL.so"), sym_name="glGetTexLevelParameteriv", sym_ver="(null)", caller="/system/lib/libEGL.so", caller_ns=(default)@0xf58aa2e0) ...
12-27 14:28:16.955 14098 14245 D linker  : ... dlsym failed: undefined symbol: glGetTexLevelParameteriv
12-27 14:28:16.955 14098 14245 D linker  : dlerror set to "undefined symbol: glGetTexLevelParameteriv"
12-27 14:28:16.955 14098 14245 D linker  : dlsym(handle=0xf5adf657("/system/lib/libGLESv2.so"), sym_name="glGetTexLevelParameteriv", sym_ver="(null)", caller="/system/lib/libEGL.so", caller_ns=(default)@0xf58aa2e0) ...
12-27 14:28:16.955 14098 14245 D linker  : ... dlsym successful: sym_name="glGetTexLevelParameteriv", sym_ver="(null)", found in="libGLESv2.so", address=0xf192f064
12-27 14:28:16.955 14098 14245 D linker  : dlsym(handle=0x95e74d63("/system/lib/libEGL.so"), sym_name="glIsTexture", sym_ver="(null)", caller="/system/lib/libEGL.so", caller_ns=(default)@0xf58aa2e0) ...
12-27 14:28:16.955 14098 14245 D linker  : ... dlsym failed: undefined symbol: glIsTexture
12-27 14:28:16.955 14098 14245 D linker  : dlerror set to "undefined symbol: glIsTexture"
12-27 14:28:16.955 14098 14245 D linker  : dlsym(handle=0xf5adf657("/system/lib/libGLESv2.so"), sym_name="glIsTexture", sym_ver="(null)", caller="/system/lib/libEGL.so", caller_ns=(default)@0xf58aa2e0) ...
12-27 14:28:16.956 14098 14245 D linker  : ... dlsym successful: sym_name="glIsTexture", sym_ver="(null)", found in="libGLESv2.so", address=0xf192df1c
12-27 14:28:16.956 14098 14245 D linker  : dlsym(handle=0x95e74d63("/system/lib/libEGL.so"), sym_name="glReadBuffer", sym_ver="(null)", caller="/system/lib/libEGL.so", caller_ns=(default)@0xf58aa2e0) ...
12-27 14:28:16.956 14098 14245 D linker  : ... dlsym failed: undefined symbol: glReadBuffer
12-27 14:28:16.956 14098 14245 D linker  : dlerror set to "undefined symbol: glReadBuffer"
12-27 14:28:16.956 14098 14245 D linker  : dlsym(handle=0xf5adf657("/system/lib/libGLESv2.so"), sym_name="glReadBuffer", sym_ver="(null)", caller="/system/lib/libEGL.so", caller_ns=(default)@0xf58aa2e0) ...
12-27 14:28:16.956 14098 14245 D linker  : ... dlsym successful: sym_name="glReadBuffer", sym_ver="(null)", found in="libGLESv2.so", address=0xf192e36c
12-27 14:28:16.956 14098 14245 D linker  : dlsym(handle=0x95e74d63("/system/lib/libEGL.so"), sym_name="glTexBuffer", sym_ver="(null)", caller="/system/lib/libEGL.so", caller_ns=(default)@0xf58aa2e0) ...
12-27 14:28:16.956 14098 14245 D linker  : ... dlsym failed: undefined symbol: glTexBuffer
12-27 14:28:16.956 14098 14245 D linker  : dlerror set to "undefined symbol: glTexBuffer"
12-27 14:28:16.956 14098 14245 D linker  : dlsym(handle=0xf5adf657("/system/lib/libGLESv2.so"), sym_name="glTexBuffer", sym_ver="(null)", caller="/system/lib/libEGL.so", caller_ns=(default)@0xf58aa2e0) ...
12-27 14:28:16.956 14098 14245 D linker  : ... dlsym successful: sym_name="glTexBuffer", sym_ver="(null)", found in="libGLESv2.so", address=0xf192f430
12-27 14:28:16.957 14098 14245 D linker  : dlsym(handle=0x95e74d63("/system/lib/libEGL.so"), sym_name="glTexBufferRange", sym_ver="(null)", caller="/system/lib/libEGL.so", caller_ns=(default)@0xf58aa2e0) ...
12-27 14:28:16.957 14246 14287 D linker  : ... dlopen calling constructors: realpath="/data/dalvik-cache/arm/system@app@WebViewGoogle@WebViewGoogle.apk@classes.dex", soname="system@app@WebViewGoogle@WebViewGoogle.apk@classes.dex", handle=0xfe394799
12-27 14:28:16.957 14098 14245 D linker  : ... dlsym failed: undefined symbol: glTexBufferRange
12-27 14:28:16.957 14246 14287 D linker  : ... dlopen successful: realpath="/data/dalvik-cache/arm/system@app@WebViewGoogle@WebViewGoogle.apk@classes.dex", soname="system@app@WebViewGoogle@WebViewGoogle.apk@classes.dex", handle=0xfe394799
12-27 14:28:16.957 14098 14245 D linker  : dlerror set to "undefined symbol: glTexBufferRange"
12-27 14:28:16.957 14098 14245 D linker  : dlsym(handle=0xf5adf657("/system/lib/libGLESv2.so"), sym_name="glTexBufferRange", sym_ver="(null)", caller="/system/lib/libEGL.so", caller_ns=(default)@0xf58aa2e0) ...
12-27 14:28:16.957 14246 14287 D linker  : dlsym(handle=0xfe394799("/data/dalvik-cache/arm/system@app@WebViewGoogle@WebViewGoogle.apk@classes.dex"), sym_name="oatdata", sym_ver="(null)", caller="/system/lib/libart.so", caller_ns=(default)@0xf58aa2e0) ...
12-27 14:28:16.957 14246 14287 D linker  : ... dlsym successful: sym_name="oatdata", sym_ver="(null)", found in="system@app@WebViewGoogle@WebViewGoogle.apk@classes.dex", address=0xcea42000
12-27 14:28:16.957 14098 14245 D linker  : ... dlsym successful: sym_name="glTexBufferRange", sym_ver="(null)", found in="libGLESv2.so", address=0xf192f444
12-27 14:28:16.957 14246 14287 D linker  : dlsym(handle=0xfe394799("/data/dalvik-cache/arm/system@app@WebViewGoogle@WebViewGoogle.apk@classes.dex"), sym_name="oatlastword", sym_ver="(null)", caller="/system/lib/libart.so", caller_ns=(default)@0xf58aa2e0) ...
12-27 14:28:16.957 14246 14287 D linker  : ... dlsym successful: sym_name="oatlastword", sym_ver="(null)", found in="system@app@WebViewGoogle@WebViewGoogle.apk@classes.dex", address=0xcef17f2c
12-27 14:28:16.957 14098 14245 D linker  : dlsym(handle=0x95e74d63("/system/lib/libEGL.so"), sym_name="glTexStorage2D", sym_ver="(null)", caller="/system/lib/libEGL.so", caller_ns=(default)@0xf58aa2e0) ...
12-27 14:28:16.957 14246 14287 D linker  : dlsym(handle=0xfe394799("/data/dalvik-cache/arm/system@app@WebViewGoogle@WebViewGoogle.apk@classes.dex"), sym_name="oatbss", sym_ver="(null)", caller="/system/lib/libart.so", caller_ns=(default)@0xf58aa2e0) ...
12-27 14:28:16.957 14246 14287 D linker  : ... dlsym successful: sym_name="oatbss", sym_ver="(null)", found in="system@app@WebViewGoogle@WebViewGoogle.apk@classes.dex", address=0xcef18000
12-27 14:28:16.957 14246 14287 D linker  : dlsym(handle=0xfe394799("/data/dalvik-cache/arm/system@app@WebViewGoogle@WebViewGoogle.apk@classes.dex"), sym_name="oatbsslastword", sym_ver="(null)", caller="/system/lib/libart.so", caller_ns=(default)@0xf58aa2e0) ...
12-27 14:28:16.957 14246 14287 D linker  : ... dlsym successful: sym_name="oatbsslastword", sym_ver="(null)", found in="system@app@WebViewGoogle@WebViewGoogle.apk@classes.dex", address=0xcef1e530
12-27 14:28:16.957 14246 14287 D linker  : dlsym(handle=0xfe394799("/data/dalvik-cache/arm/system@app@WebViewGoogle@WebViewGoogle.apk@classes.dex"), sym_name="oatbssmethods", sym_ver="(null)", caller="/system/lib/libart.so", caller_ns=(default)@0xf58aa2e0) ...
12-27 14:28:16.957 14098 14245 D linker  : ... dlsym failed: undefined symbol: glTexStorage2D
12-27 14:28:16.957 14246 14287 D linker  : ... dlsym successful: sym_name="oatbssmethods", sym_ver="(null)", found in="system@app@WebViewGoogle@WebViewGoogle.apk@classes.dex", address=0xcef18000
12-27 14:28:16.957 14098 14245 D linker  : dlerror set to "undefined symbol: glTexStorage2D"
12-27 14:28:16.957 14246 14287 D linker  : dlsym(handle=0xfe394799("/data/dalvik-cache/arm/system@app@WebViewGoogle@WebViewGoogle.apk@classes.dex"), sym_name="oatbssroots", sym_ver="(null)", caller="/system/lib/libart.so", caller_ns=(default)@0xf58aa2e0) ...
12-27 14:28:16.957 14246 14287 D linker  : ... dlsym successful: sym_name="oatbssroots", sym_ver="(null)", found in="system@app@WebViewGoogle@WebViewGoogle.apk@classes.dex", address=0xcef19b84
12-27 14:28:16.957 14098 14245 D linker  : dlsym(handle=0xf5adf657("/system/lib/libGLESv2.so"), sym_name="glTexStorage2D", sym_ver="(null)", caller="/system/lib/libEGL.so", caller_ns=(default)@0xf58aa2e0) ...
12-27 14:28:16.957 14246 14287 D linker  : dlsym(handle=0xfe394799("/data/dalvik-cache/arm/system@app@WebViewGoogle@WebViewGoogle.apk@classes.dex"), sym_name="oatdex", sym_ver="(null)", caller="/system/lib/libart.so", caller_ns=(default)@0xf58aa2e0) ...
12-27 14:28:16.957 14246 14287 D linker  : ... dlsym successful: sym_name="oatdex", sym_ver="(null)", found in="system@app@WebViewGoogle@WebViewGoogle.apk@classes.dex", address=0xcef1f000
12-27 14:28:16.957 14098 14245 D linker  : ... dlsym successful: sym_name="glTexStorage2D", sym_ver="(null)", found in="libGLESv2.so", address=0xf192eb54
12-27 14:28:16.957 14246 14287 D linker  : dlsym(handle=0xfe394799("/data/dalvik-cache/arm/system@app@WebViewGoogle@WebViewGoogle.apk@classes.dex"), sym_name="oatdexlastword", sym_ver="(null)", caller="/system/lib/libart.so", caller_ns=(default)@0xf58aa2e0) ...
12-27 14:28:16.957 14246 14287 D linker  : ... dlsym successful: sym_name="oatdexlastword", sym_ver="(null)", found in="system@app@WebViewGoogle@WebViewGoogle.apk@classes.dex", address=0xcf0fc47c
12-27 14:28:16.957 14098 14245 D linker  : dlsym(handle=0x95e74d63("/system/lib/libEGL.so"), sym_name="glDiscardFramebufferEXT", sym_ver="(null)", caller="/system/lib/libEGL.so", caller_ns=(default)@0xf58aa2e0) ...
12-27 14:28:16.958 14098 14245 D linker  : ... dlsym failed: undefined symbol: glDiscardFramebufferEXT
12-27 14:28:16.958 14098 14245 D linker  : dlerror set to "undefined symbol: glDiscardFramebufferEXT"
12-27 14:28:16.958 14098 14245 D linker  : dlsym(handle=0xf5adf657("/system/lib/libGLESv2.so"), sym_name="glDiscardFramebufferEXT", sym_ver="(null)", caller="/system/lib/libEGL.so", caller_ns=(default)@0xf58aa2e0) ...
12-27 14:28:16.958 14098 14245 D linker  : ... dlsym successful: sym_name="glDiscardFramebufferEXT", sym_ver="(null)", found in="libGLESv2.so", address=0xf192fde4
12-27 14:28:16.958 14098 14245 D linker  : dlsym(handle=0x95e74d63("/system/lib/libEGL.so"), sym_name="glVertexAttribDivisor", sym_ver="(null)", caller="/system/lib/libEGL.so", caller_ns=(default)@0xf58aa2e0) ...
12-27 14:28:16.958 14098 14245 D linker  : ... dlsym failed: undefined symbol: glVertexAttribDivisor
12-27 14:28:16.958 14098 14245 D linker  : dlerror set to "undefined symbol: glVertexAttribDivisor"
12-27 14:28:16.958 14098 14245 D linker  : dlsym(handle=0xf5adf657("/system/lib/libGLESv2.so"), sym_name="glVertexAttribDivisor", sym_ver="(null)", caller="/system/lib/libEGL.so", caller_ns=(default)@0xf58aa2e0) ...
12-27 14:28:16.958 14098 14245 D linker  : ... dlsym successful: sym_name="glVertexAttribDivisor", sym_ver="(null)", found in="libGLESv2.so", address=0xf192ea60
12-27 14:28:16.958 14098 14245 D linker  : dlsym(handle=0x95e74d63("/system/lib/libEGL.so"), sym_name="glVertexAttribIPointer", sym_ver="(null)", caller="/system/lib/libEGL.so", caller_ns=(default)@0xf58aa2e0) ...
12-27 14:28:16.958 14098 14245 D linker  : ... dlsym failed: undefined symbol: glVertexAttribIPointer
12-27 14:28:16.958 14098 14245 D linker  : dlerror set to "undefined symbol: glVertexAttribIPointer"
12-27 14:28:16.958 14098 14245 D linker  : dlsym(handle=0xf5adf657("/system/lib/libGLESv2.so"), sym_name="glVertexAttribIPointer", sym_ver="(null)", caller="/system/lib/libEGL.so", caller_ns=(default)@0xf58aa2e0) ...
12-27 14:28:16.958 14098 14245 D linker  : ... dlsym successful: sym_name="glVertexAttribIPointer", sym_ver="(null)", found in="libGLESv2.so", address=0xf192e688
12-27 14:28:16.959 14098 14245 D linker  : dlsym(handle=0x95e74d63("/system/lib/libEGL.so"), sym_name="glRenderbufferStorageMultisample", sym_ver="(null)", caller="/system/lib/libEGL.so", caller_ns=(default)@0xf58aa2e0) ...
12-27 14:28:16.959 14098 14245 D linker  : ... dlsym failed: undefined symbol: glRenderbufferStorageMultisample
12-27 14:28:16.959 14098 14245 D linker  : dlerror set to "undefined symbol: glRenderbufferStorageMultisample"
12-27 14:28:16.959 14098 14245 D linker  : dlsym(handle=0xf5adf657("/system/lib/libGLESv2.so"), sym_name="glRenderbufferStorageMultisample", sym_ver="(null)", caller="/system/lib/libEGL.so", caller_ns=(default)@0xf58aa2e0) ...
12-27 14:28:16.959 14098 14245 D linker  : ... dlsym successful: sym_name="glRenderbufferStorageMultisample", sym_ver="(null)", found in="libGLESv2.so", address=0xf192e554
12-27 14:28:16.959 14098 14245 D linker  : dlsym(handle=0x95e74d63("/system/lib/libEGL.so"), sym_name="glBlitFramebuffer", sym_ver="(null)", caller="/system/lib/libEGL.so", caller_ns=(default)@0xf58aa2e0) ...
12-27 14:28:16.959 14098 14245 D linker  : ... dlsym failed: undefined symbol: glBlitFramebuffer
12-27 14:28:16.959 14098 14245 D linker  : dlerror set to "undefined symbol: glBlitFramebuffer"
12-27 14:28:16.959 14098 14245 D linker  : dlsym(handle=0xf5adf657("/system/lib/libGLESv2.so"), sym_name="glBlitFramebuffer", sym_ver="(null)", caller="/system/lib/libEGL.so", caller_ns=(default)@0xf58aa2e0) ...
12-27 14:28:16.959 14098 14245 D linker  : ... dlsym successful: sym_name="glBlitFramebuffer", sym_ver="(null)", found in="libGLESv2.so", address=0xf192e540
12-27 14:28:16.959 14098 14245 D linker  : dlsym(handle=0x95e74d63("/system/lib/libEGL.so"), sym_name="glFramebufferTexture2DMultisampleEXT", sym_ver="(null)", caller="/system/lib/libEGL.so", caller_ns=(default)@0xf58aa2e0) ...
12-27 14:28:16.960 14098 14245 D linker  : ... dlsym failed: undefined symbol: glFramebufferTexture2DMultisampleEXT
12-27 14:28:16.960 14098 14245 D linker  : dlerror set to "undefined symbol: glFramebufferTexture2DMultisampleEXT"
12-27 14:28:16.960 14098 14245 D linker  : dlsym(handle=0xf5adf657("/system/lib/libGLESv2.so"), sym_name="glFramebufferTexture2DMultisampleEXT", sym_ver="(null)", caller="/system/lib/libEGL.so", caller_ns=(default)@0xf58aa2e0) ...
12-27 14:28:16.960 14098 14245 D linker  : ... dlsym successful: sym_name="glFramebufferTexture2DMultisampleEXT", sym_ver="(null)", found in="libGLESv2.so", address=0xf1930268
12-27 14:28:16.960 14098 14245 D linker  : dlsym(handle=0x95e74d63("/system/lib/libEGL.so"), sym_name="glRenderbufferStorageMultisampleEXT", sym_ver="(null)", caller="/system/lib/libEGL.so", caller_ns=(default)@0xf58aa2e0) ...
12-27 14:28:16.960 14098 14245 D linker  : ... dlsym failed: undefined symbol: glRenderbufferStorageMultisampleEXT
12-27 14:28:16.961 14098 14245 D linker  : dlerror set to "undefined symbol: glRenderbufferStorageMultisampleEXT"
12-27 14:28:16.961 14098 14245 D linker  : dlsym(handle=0xf5adf657("/system/lib/libGLESv2.so"), sym_name="glRenderbufferStorageMultisampleEXT", sym_ver="(null)", caller="/system/lib/libEGL.so", caller_ns=(default)@0xf58aa2e0) ...
12-27 14:28:16.961 14098 14245 D linker  : ... dlsym successful: sym_name="glRenderbufferStorageMultisampleEXT", sym_ver="(null)", found in="libGLESv2.so", address=0xf1930254
12-27 14:28:16.961 14098 14245 D linker  : dlsym(handle=0x95e74d63("/system/lib/libEGL.so"), sym_name="glMapBufferOES", sym_ver="(null)", caller="/system/lib/libEGL.so", caller_ns=(default)@0xf58aa2e0) ...
12-27 14:28:16.961 14098 14245 D linker  : ... dlsym failed: undefined symbol: glMapBufferOES
12-27 14:28:16.961 14098 14245 D linker  : dlerror set to "undefined symbol: glMapBufferOES"
12-27 14:28:16.961 14098 14245 D linker  : dlsym(handle=0xf5adf657("/system/lib/libGLESv2.so"), sym_name="glMapBufferOES", sym_ver="(null)", caller="/system/lib/libEGL.so", caller_ns=(default)@0xf58aa2e0) ...
12-27 14:28:16.961 14098 14245 D linker  : ... dlsym successful: sym_name="glMapBufferOES", sym_ver="(null)", found in="libGLESv2.so", address=0xf192f748
12-27 14:28:16.961 14098 14245 D linker  : dlsym(handle=0x95e74d63("/system/lib/libEGL.so"), sym_name="glUnmapBuffer", sym_ver="(null)", caller="/system/lib/libEGL.so", caller_ns=(default)@0xf58aa2e0) ...
12-27 14:28:16.961 14246 14287 D linker  : dlopen(name="libwebviewchromium.so", flags=0x0, extinfo=[flags=0x209, reserved_addr=0xdb076000, reserved_size=0x7f34f20, relro_fd=67, library_fd=1880208128, library_fd_offset=0x7757523000000000, library_namespace=classloader-namespace@0xf5612150], caller="/system/lib/libwebviewchromium_loader.so", caller_ns=(default)@0xf58aa2e0) ...
12-27 14:28:16.961 14098 14245 D linker  : ... dlsym failed: undefined symbol: glUnmapBuffer
12-27 14:28:16.961 14098 14245 D linker  : dlerror set to "undefined symbol: glUnmapBuffer"
12-27 14:28:16.961 14098 14245 D linker  : dlsym(handle=0xf5adf657("/system/lib/libGLESv2.so"), sym_name="glUnmapBuffer", sym_ver="(null)", caller="/system/lib/libEGL.so", caller_ns=(default)@0xf58aa2e0) ...
12-27 14:28:16.961 14098 14245 D linker  : ... dlsym successful: sym_name="glUnmapBuffer", sym_ver="(null)", found in="libGLESv2.so", address=0xf192e488
12-27 14:28:16.961 14098 14245 D linker  : dlsym(handle=0x95e74d63("/system/lib/libEGL.so"), sym_name="glMapBufferRange", sym_ver="(null)", caller="/system/lib/libEGL.so", caller_ns=(default)@0xf58aa2e0) ...
12-27 14:28:16.962 14098 14245 D linker  : ... dlsym failed: undefined symbol: glMapBufferRange
12-27 14:28:16.962 14098 14245 D linker  : dlerror set to "undefined symbol: glMapBufferRange"
12-27 14:28:16.962 14098 14245 D linker  : dlsym(handle=0xf5adf657("/system/lib/libGLESv2.so"), sym_name="glMapBufferRange", sym_ver="(null)", caller="/system/lib/libEGL.so", caller_ns=(default)@0xf58aa2e0) ...
12-27 14:28:16.962 14098 14245 D linker  : ... dlsym successful: sym_name="glMapBufferRange", sym_ver="(null)", found in="libGLESv2.so", address=0xf192e57c
12-27 14:28:16.962 14098 14245 D linker  : dlsym(handle=0x95e74d63("/system/lib/libEGL.so"), sym_name="glFlushMappedBufferRange", sym_ver="(null)", caller="/system/lib/libEGL.so", caller_ns=(default)@0xf58aa2e0) ...
12-27 14:28:16.962 14098 14245 D linker  : ... dlsym failed: undefined symbol: glFlushMappedBufferRange
12-27 14:28:16.962 14098 14245 D linker  : dlerror set to "undefined symbol: glFlushMappedBufferRange"
12-27 14:28:16.962 14098 14245 D linker  : dlsym(handle=0xf5adf657("/system/lib/libGLESv2.so"), sym_name="glFlushMappedBufferRange", sym_ver="(null)", caller="/system/lib/libEGL.so", caller_ns=(default)@0xf58aa2e0) ...
12-27 14:28:16.962 14098 14245 D linker  : ... dlsym successful: sym_name="glFlushMappedBufferRange", sym_ver="(null)", found in="libGLESv2.so", address=0xf192e594
12-27 14:28:16.962 14098 14245 D linker  : dlsym(handle=0x95e74d63("/system/lib/libEGL.so"), sym_name="glInsertEventMarkerEXT", sym_ver="(null)", caller="/system/lib/libEGL.so", caller_ns=(default)@0xf58aa2e0) ...
12-27 14:28:16.962 14098 14245 D linker  : ... dlsym failed: undefined symbol: glInsertEventMarkerEXT
12-27 14:28:16.962 14098 14245 D linker  : dlerror set to "undefined symbol: glInsertEventMarkerEXT"
12-27 14:28:16.962 14098 14245 D linker  : dlsym(handle=0xf5adf657("/system/lib/libGLESv2.so"), sym_name="glInsertEventMarkerEXT", sym_ver="(null)", caller="/system/lib/libEGL.so", caller_ns=(default)@0xf58aa2e0) ...
12-27 14:28:16.963 14098 14245 D linker  : ... dlsym successful: sym_name="glInsertEventMarkerEXT", sym_ver="(null)", found in="libGLESv2.so", address=0xf192fda8
12-27 14:28:16.963 14098 14245 D linker  : dlsym(handle=0x95e74d63("/system/lib/libEGL.so"), sym_name="glPushGroupMarkerEXT", sym_ver="(null)", caller="/system/lib/libEGL.so", caller_ns=(default)@0xf58aa2e0) ...
12-27 14:28:16.963 14098 14245 D linker  : ... dlsym failed: undefined symbol: glPushGroupMarkerEXT
12-27 14:28:16.963 14098 14245 D linker  : dlerror set to "undefined symbol: glPushGroupMarkerEXT"
12-27 14:28:16.963 14098 14245 D linker  : dlsym(handle=0xf5adf657("/system/lib/libGLESv2.so"), sym_name="glPushGroupMarkerEXT", sym_ver="(null)", caller="/system/lib/libEGL.so", caller_ns=(default)@0xf58aa2e0) ...
12-27 14:28:16.963 14098 14245 D linker  : ... dlsym successful: sym_name="glPushGroupMarkerEXT", sym_ver="(null)", found in="libGLESv2.so", address=0xf192fdbc
12-27 14:28:16.963 14098 14245 D linker  : dlsym(handle=0x95e74d63("/system/lib/libEGL.so"), sym_name="glPopGroupMarkerEXT", sym_ver="(null)", caller="/system/lib/libEGL.so", caller_ns=(default)@0xf58aa2e0) ...
12-27 14:28:16.963 14098 14245 D linker  : ... dlsym failed: undefined symbol: glPopGroupMarkerEXT
12-27 14:28:16.963 14098 14245 D linker  : dlerror set to "undefined symbol: glPopGroupMarkerEXT"
12-27 14:28:16.963 14098 14245 D linker  : dlsym(handle=0xf5adf657("/system/lib/libGLESv2.so"), sym_name="glPopGroupMarkerEXT", sym_ver="(null)", caller="/system/lib/libEGL.so", caller_ns=(default)@0xf58aa2e0) ...
12-27 14:28:16.963 14098 14245 D linker  : ... dlsym successful: sym_name="glPopGroupMarkerEXT", sym_ver="(null)", found in="libGLESv2.so", address=0xf192fdd0
12-27 14:28:16.963 14098 14245 D linker  : dlsym(handle=0x95e74d63("/system/lib/libEGL.so"), sym_name="glInvalidateFramebuffer", sym_ver="(null)", caller="/system/lib/libEGL.so", caller_ns=(default)@0xf58aa2e0) ...
12-27 14:28:16.963 14098 14245 D linker  : ... dlsym failed: undefined symbol: glInvalidateFramebuffer
12-27 14:28:16.964 14098 14245 D linker  : dlerror set to "undefined symbol: glInvalidateFramebuffer"
