12-27 14:28:15.329 14094 14094 F linker  : CANNOT LINK EXECUTABLE "/system/bin/dpmd": "/system/lib64/libdpmframework.so" is 32-bit instead of 64-bit

12-27 14:28:15.641 14098 14098 D linker  : dlopen(name="/system/framework/oat/arm/org.apache.http.legacy.boot.odex", flags=0x0, extinfo=[flags=0xc0, reserved_addr=0x0, reserved_size=0x0, relro_fd=0, library_fd=0, library_fd_offset=0x0, library_namespace=(n/a)@0x0], caller="/system/lib/libart.so", caller_ns=(default)@0xf58aa2e0) ...
12-27 14:28:15.644 14098 14098 D linker  : ... dlopen calling constructors: realpath="/system/framework/oat/arm/org.apache.http.legacy.boot.odex", soname="javalib.odex", handle=0x4c0d4221
12-27 14:28:15.644 14098 14098 D linker  : ... dlopen successful: realpath="/system/framework/oat/arm/org.apache.http.legacy.boot.odex", soname="javalib.odex", handle=0x4c0d4221
12-27 14:28:15.644 14098 14098 D linker  : dlsym(handle=0x4c0d4221("/system/framework/oat/arm/org.apache.http.legacy.boot.odex"), sym_name="oatdata", sym_ver="(null)", caller="/system/lib/libart.so", caller_ns=(default)@0xf58aa2e0) ...
12-27 14:28:15.644 14098 14098 D linker  : ... dlsym successful: sym_name="oatdata", sym_ver="(null)", found in="javalib.odex", address=0xd6592000
12-27 14:28:15.644 14098 14098 D linker  : dlsym(handle=0x4c0d4221("/system/framework/oat/arm/org.apache.http.legacy.boot.odex"), sym_name="oatlastword", sym_ver="(null)", caller="/system/lib/libart.so", caller_ns=(default)@0xf58aa2e0) ...
12-27 14:28:15.644 14098 14098 D linker  : ... dlsym successful: sym_name="oatlastword", sym_ver="(null)", found in="javalib.odex", address=0xd65dfee0
12-27 14:28:15.644 14098 14098 D linker  : dlsym(handle=0x4c0d4221("/system/framework/oat/arm/org.apache.http.legacy.boot.odex"), sym_name="oatbss", sym_ver="(null)", caller="/system/lib/libart.so", caller_ns=(default)@0xf58aa2e0) ...
12-27 14:28:15.644 14098 14098 D linker  : ... dlsym successful: sym_name="oatbss", sym_ver="(null)", found in="javalib.odex", address=0xd65e0000
12-27 14:28:15.644 14098 14098 D linker  : dlsym(handle=0x4c0d4221("/system/framework/oat/arm/org.apache.http.legacy.boot.odex"), sym_name="oatbsslastword", sym_ver="(null)", caller="/system/lib/libart.so", caller_ns=(default)@0xf58aa2e0) ...
12-27 14:28:15.644 14098 14098 D linker  : ... dlsym successful: sym_name="oatbsslastword", sym_ver="(null)", found in="javalib.odex", address=0xd66aaa14
12-27 14:28:15.644 14098 14098 D linker  : dlsym(handle=0x4c0d4221("/system/framework/oat/arm/org.apache.http.legacy.boot.odex"), sym_name="oatbssmethods", sym_ver="(null)", caller="/system/lib/libart.so", caller_ns=(default)@0xf58aa2e0) ...
12-27 14:28:15.644 14098 14098 D linker  : ... dlsym successful: sym_name="oatbssmethods", sym_ver="(null)", found in="javalib.odex", address=0xd66aa000
12-27 14:28:15.644 14098 14098 D linker  : dlsym(handle=0x4c0d4221("/system/framework/oat/arm/org.apache.http.legacy.boot.odex"), sym_name="oatbssroots", sym_ver="(null)", caller="/system/lib/libart.so", caller_ns=(default)@0xf58aa2e0) ...
12-27 14:28:15.644 14098 14098 D linker  : ... dlsym successful: sym_name="oatbssroots", sym_ver="(null)", found in="javalib.odex", address=0xd66aa244
12-27 14:28:15.644 14098 14098 D linker  : dlsym(handle=0x4c0d4221("/system/framework/oat/arm/org.apache.http.legacy.boot.odex"), sym_name="oatdex", sym_ver="(null)", caller="/system/lib/libart.so", caller_ns=(default)@0xf58aa2e0) ...
12-27 14:28:15.644 14098 14098 D linker  : ... dlsym successful: sym_name="oatdex", sym_ver="(null)", found in="javalib.odex", address=0xd66ab000
12-27 14:28:15.644 14098 14098 D linker  : dlsym(handle=0x4c0d4221("/system/framework/oat/arm/org.apache.http.legacy.boot.odex"), sym_name="oatdexlastword", sym_ver="(null)", caller="/system/lib/libart.so", caller_ns=(default)@0xf58aa2e0) ...
12-27 14:28:15.644 14098 14098 D linker  : ... dlsym successful: sym_name="oatdexlastword", sym_ver="(null)", found in="javalib.odex", address=0xd671ff98



12-27 14:28:15.652 14098 14098 D linker  : dlopen(name="/data/app/com.ss.android.ugc.aweme-ZgFDboAF0nTs1aOAUv9vUw==/oat/arm/base.odex", flags=0x0, extinfo=[flags=0xc0, reserved_addr=0x0, reserved_size=0x0, relro_fd=0, library_fd=0, library_fd_offset=0x0, library_namespace=(n/a)@0x0], caller="/system/lib/libart.so", caller_ns=(default)@0xf58aa2e0) ...
12-27 14:28:15.657 14098 14098 D linker  : ... dlopen calling constructors: realpath="/data/app/com.ss.android.ugc.aweme-ZgFDboAF0nTs1aOAUv9vUw==/oat/arm/base.odex", soname="base.odex", handle=0x821850fb
12-27 14:28:15.657 14098 14098 D linker  : ... dlopen successful: realpath="/data/app/com.ss.android.ugc.aweme-ZgFDboAF0nTs1aOAUv9vUw==/oat/arm/base.odex", soname="base.odex", handle=0x821850fb
12-27 14:28:15.657 14098 14098 D linker  : dlsym(handle=0x821850fb("/data/app/com.ss.android.ugc.aweme-ZgFDboAF0nTs1aOAUv9vUw==/oat/arm/base.odex"), sym_name="oatdata", sym_ver="(null)", caller="/system/lib/libart.so", caller_ns=(default)@0xf58aa2e0) ...
12-27 14:28:15.657 14098 14098 D linker  : ... dlsym successful: sym_name="oatdata", sym_ver="(null)", found in="base.odex", address=0xd09c1000
12-27 14:28:15.657 14098 14098 D linker  : dlsym(handle=0x821850fb("/data/app/com.ss.android.ugc.aweme-ZgFDboAF0nTs1aOAUv9vUw==/oat/arm/base.odex"), sym_name="oatlastword", sym_ver="(null)", caller="/system/lib/libart.so", caller_ns=(default)@0xf58aa2e0) ...
12-27 14:28:15.657 14098 14098 D linker  : ... dlsym successful: sym_name="oatlastword", sym_ver="(null)", found in="base.odex", address=0xd1c88ffc
12-27 14:28:15.657 14098 14098 D linker  : dlsym(handle=0x821850fb("/data/app/com.ss.android.ugc.aweme-ZgFDboAF0nTs1aOAUv9vUw==/oat/arm/base.odex"), sym_name="oatbss", sym_ver="(null)", caller="/system/lib/libart.so", caller_ns=(default)@0xf58aa2e0) ...
12-27 14:28:15.657 14098 14098 D linker  : ... dlsym successful: sym_name="oatbss", sym_ver="(null)", found in="base.odex", address=0xd1c89000
12-27 14:28:15.657 14098 14098 D linker  : dlsym(handle=0x821850fb("/data/app/com.ss.android.ugc.aweme-ZgFDboAF0nTs1aOAUv9vUw==/oat/arm/base.odex"), sym_name="oatbsslastword", sym_ver="(null)", caller="/system/lib/libart.so", caller_ns=(default)@0xf58aa2e0) ...
12-27 14:28:15.657 14098 14098 D linker  : ... dlsym successful: sym_name="oatbsslastword", sym_ver="(null)", found in="base.odex", address=0xd1ca5e1c
12-27 14:28:15.657 14098 14098 D linker  : dlsym(handle=0x821850fb("/data/app/com.ss.android.ugc.aweme-ZgFDboAF0nTs1aOAUv9vUw==/oat/arm/base.odex"), sym_name="oatbssmethods", sym_ver="(null)", caller="/system/lib/libart.so", caller_ns=(default)@0xf58aa2e0) ...
12-27 14:28:15.657 14098 14098 D linker  : ... dlsym successful: sym_name="oatbssmethods", sym_ver="(null)", found in="base.odex", address=0xd1c89000
12-27 14:28:15.657 14098 14098 D linker  : dlsym(handle=0x821850fb("/data/app/com.ss.android.ugc.aweme-ZgFDboAF0nTs1aOAUv9vUw==/oat/arm/base.odex"), sym_name="oatbssroots", sym_ver="(null)", caller="/system/lib/libart.so", caller_ns=(default)@0xf58aa2e0) ...
12-27 14:28:15.657 14098 14098 D linker  : ... dlsym successful: sym_name="oatbssroots", sym_ver="(null)", found in="base.odex", address=0xd1c91a58
12-27 14:28:15.657 14098 14098 D linker  : dlsym(handle=0x821850fb("/data/app/com.ss.android.ugc.aweme-ZgFDboAF0nTs1aOAUv9vUw==/oat/arm/base.odex"), sym_name="oatdex", sym_ver="(null)", caller="/system/lib/libart.so", caller_ns=(default)@0xf58aa2e0) ...
12-27 14:28:15.657 14098 14098 D linker  : ... dlsym successful: sym_name="oatdex", sym_ver="(null)", found in="base.odex", address=0xd1ca6000
12-27 14:28:15.657 14098 14098 D linker  : dlsym(handle=0x821850fb("/data/app/com.ss.android.ugc.aweme-ZgFDboAF0nTs1aOAUv9vUw==/oat/arm/base.odex"), sym_name="oatdexlastword", sym_ver="(null)", caller="/system/lib/libart.so", caller_ns=(default)@0xf58aa2e0) ...



12-27 14:28:15.657 14098 14098 D linker  : ... dlsym successful: sym_name="oatdexlastword", sym_ver="(null)", found in="base.odex", address=0xd657d8b4
12-27 14:28:15.804 14098 14098 D linker  : dlopen(name="/system/lib/libqti_performance.so", flags=0x0, extinfo=(null), caller="/system/lib/libart.so", caller_ns=(default)@0xf58aa2e0) ...
12-27 14:28:15.809 14098 14098 D linker  : ... dlopen calling constructors: realpath="/system/lib/libqti_performance.so", soname="libqti_performance.so", handle=0x239dacbd
12-27 14:28:15.809 14098 14098 D linker  : ... dlopen successful: realpath="/system/lib/libqti_performance.so", soname="libqti_performance.so", handle=0x239dacbd
12-27 14:28:15.809 14098 14098 D linker  : dlsym(handle=0x239dacbd("/system/lib/libqti_performance.so"), sym_name="JNI_OnLoad", sym_ver="(null)", caller="/system/lib/libart.so", caller_ns=(default)@0xf58aa2e0) ...
12-27 14:28:15.809 14098 14098 D linker  : ... dlsym successful: sym_name="JNI_OnLoad", sym_ver="(null)", found in="libqti_performance.so", address=0xd04166b5
12-27 14:28:15.936 14098 14126 D linker  : dlopen(name="/data/app/com.ss.android.ugc.aweme-ZgFDboAF0nTs1aOAUv9vUw==/lib/arm/libAkeva.so", flags=0x0, extinfo=[flags=0x200, reserved_addr=0xe49f7600, reserved_size=0x43, relro_fd=91, library_fd=-204424448, library_fd_offset=0xe8ee4e802da9da22, library_namespace=classloader-namespace@0xf5612110], caller="/system/lib/libnativeloader.so", caller_ns=(default)@0xf58aa2e0) ...
12-27 14:28:15.942 14098 14126 D linker  : ... dlopen calling constructors: realpath="/data/app/com.ss.android.ugc.aweme-ZgFDboAF0nTs1aOAUv9vUw==/lib/arm/libAkeva.so", soname="libAkeva.so", handle=0xb63d7d1b
12-27 14:28:15.942 14098 14126 D linker  : ... dlopen successful: realpath="/data/app/com.ss.android.ugc.aweme-ZgFDboAF0nTs1aOAUv9vUw==/lib/arm/libAkeva.so", soname="libAkeva.so", handle=0xb63d7d1b
12-27 14:28:15.943 14098 14126 D linker  : dlsym(handle=0xb63d7d1b("/data/app/com.ss.android.ugc.aweme-ZgFDboAF0nTs1aOAUv9vUw==/lib/arm/libAkeva.so"), sym_name="JNI_OnLoad", sym_ver="(null)", caller="/system/lib/libart.so", caller_ns=(default)@0xf58aa2e0) ...
12-27 14:28:15.943 14098 14126 D linker  : ... dlsym successful: sym_name="JNI_OnLoad", sym_ver="(null)", found in="libAkeva.so", address=0xd013f9b9
12-27 14:28:15.997 14098 14129 D linker  : dlopen(name="/data/app/com.ss.android.ugc.aweme-ZgFDboAF0nTs1aOAUv9vUw==/lib/arm/libcms.so", flags=0x0, extinfo=[flags=0x200, reserved_addr=0xe49f8200, reserved_size=0x43, relro_fd=91, library_fd=5963776, library_fd_offset=0xe8ee4f802da9da22, library_namespace=classloader-namespace@0xf5612110], caller="/system/lib/libnativeloader.so", caller_ns=(default)@0xf58aa2e0) ...
12-27 14:28:16.001 14098 14129 D linker  : ... dlopen calling constructors: realpath="/data/app/com.ss.android.ugc.aweme-ZgFDboAF0nTs1aOAUv9vUw==/lib/arm/libcms.so", soname="libcms.so", handle=0x7c7de7b
12-27 14:28:16.016 14098 14129 D linker  : ... dlopen successful: realpath="/data/app/com.ss.android.ugc.aweme-ZgFDboAF0nTs1aOAUv9vUw==/lib/arm/libcms.so", soname="libcms.so", handle=0x7c7de7b
12-27 14:28:16.017 14098 14129 D linker  : dlsym(handle=0x7c7de7b("/data/app/com.ss.android.ugc.aweme-ZgFDboAF0nTs1aOAUv9vUw==/lib/arm/libcms.so"), sym_name="JNI_OnLoad", sym_ver="(null)", caller="/system/lib/libart.so", caller_ns=(default)@0xf58aa2e0) ...
12-27 14:28:16.017 14098 14129 D linker  : ... dlsym successful: sym_name="JNI_OnLoad", sym_ver="(null)", found in="libcms.so", address=0xcf31e539
12-27 14:28:16.223 14098 14167 D linker  : dlopen(name="/data/dalvik-cache/arm/system@app@WebViewGoogle@WebViewGoogle.apk@classes.dex", flags=0x0, extinfo=[flags=0xc0, reserved_addr=0x0, reserved_size=0x0, relro_fd=0, library_fd=0, library_fd_offset=0x0, library_namespace=(n/a)@0x0], caller="/system/lib/libart.so", caller_ns=(default)@0xf58aa2e0) ...
12-27 14:28:16.227 14098 14167 D linker  : ... dlopen calling constructors: realpath="/data/dalvik-cache/arm/system@app@WebViewGoogle@WebViewGoogle.apk@classes.dex", soname="system@app@WebViewGoogle@WebViewGoogle.apk@classes.dex", handle=0x58ac3329
12-27 14:28:16.227 14098 14167 D linker  : ... dlopen successful: realpath="/data/dalvik-cache/arm/system@app@WebViewGoogle@WebViewGoogle.apk@classes.dex", soname="system@app@WebViewGoogle@WebViewGoogle.apk@classes.dex", handle=0x58ac3329
12-27 14:28:16.227 14098 14167 D linker  : dlsym(handle=0x58ac3329("/data/dalvik-cache/arm/system@app@WebViewGoogle@WebViewGoogle.apk@classes.dex"), sym_name="oatdata", sym_ver="(null)", caller="/system/lib/libart.so", caller_ns=(default)@0xf58aa2e0) ...
12-27 14:28:16.227 14098 14167 D linker  : ... dlsym successful: sym_name="oatdata", sym_ver="(null)", found in="system@app@WebViewGoogle@WebViewGoogle.apk@classes.dex", address=0xcd0c2000
12-27 14:28:16.227 14098 14167 D linker  : dlsym(handle=0x58ac3329("/data/dalvik-cache/arm/system@app@WebViewGoogle@WebViewGoogle.apk@classes.dex"), sym_name="oatlastword", sym_ver="(null)", caller="/system/lib/libart.so", caller_ns=(default)@0xf58aa2e0) ...
12-27 14:28:16.227 14098 14167 D linker  : ... dlsym successful: sym_name="oatlastword", sym_ver="(null)", found in="system@app@WebViewGoogle@WebViewGoogle.apk@classes.dex", address=0xcd597f2c
12-27 14:28:16.228 14098 14167 D linker  : dlsym(handle=0x58ac3329("/data/dalvik-cache/arm/system@app@WebViewGoogle@WebViewGoogle.apk@classes.dex"), sym_name="oatbss", sym_ver="(null)", caller="/system/lib/libart.so", caller_ns=(default)@0xf58aa2e0) ...
12-27 14:28:16.228 14098 14167 D linker  : ... dlsym successful: sym_name="oatbss", sym_ver="(null)", found in="system@app@WebViewGoogle@WebViewGoogle.apk@classes.dex", address=0xcd598000
12-27 14:28:16.228 14098 14167 D linker  : dlsym(handle=0x58ac3329("/data/dalvik-cache/arm/system@app@WebViewGoogle@WebViewGoogle.apk@classes.dex"), sym_name="oatbsslastword", sym_ver="(null)", caller="/system/lib/libart.so", caller_ns=(default)@0xf58aa2e0) ...
12-27 14:28:16.228 14098 14167 D linker  : ... dlsym successful: sym_name="oatbsslastword", sym_ver="(null)", found in="system@app@WebViewGoogle@WebViewGoogle.apk@classes.dex", address=0xcd59e530
12-27 14:28:16.228 14098 14167 D linker  : dlsym(handle=0x58ac3329("/data/dalvik-cache/arm/system@app@WebViewGoogle@WebViewGoogle.apk@classes.dex"), sym_name="oatbssmethods", sym_ver="(null)", caller="/system/lib/libart.so", caller_ns=(default)@0xf58aa2e0) ...
12-27 14:28:16.228 14098 14167 D linker  : ... dlsym successful: sym_name="oatbssmethods", sym_ver="(null)", found in="system@app@WebViewGoogle@WebViewGoogle.apk@classes.dex", address=0xcd598000
12-27 14:28:16.228 14098 14167 D linker  : dlsym(handle=0x58ac3329("/data/dalvik-cache/arm/system@app@WebViewGoogle@WebViewGoogle.apk@classes.dex"), sym_name="oatbssroots", sym_ver="(null)", caller="/system/lib/libart.so", caller_ns=(default)@0xf58aa2e0) ...
12-27 14:28:16.228 14098 14167 D linker  : ... dlsym successful: sym_name="oatbssroots", sym_ver="(null)", found in="system@app@WebViewGoogle@WebViewGoogle.apk@classes.dex", address=0xcd599b84
12-27 14:28:16.228 14098 14167 D linker  : dlsym(handle=0x58ac3329("/data/dalvik-cache/arm/system@app@WebViewGoogle@WebViewGoogle.apk@classes.dex"), sym_name="oatdex", sym_ver="(null)", caller="/system/lib/libart.so", caller_ns=(default)@0xf58aa2e0) ...
12-27 14:28:16.228 14098 14167 D linker  : ... dlsym successful: sym_name="oatdex", sym_ver="(null)", found in="system@app@WebViewGoogle@WebViewGoogle.apk@classes.dex", address=0xcd59f000
12-27 14:28:16.228 14098 14167 D linker  : dlsym(handle=0x58ac3329("/data/dalvik-cache/arm/system@app@WebViewGoogle@WebViewGoogle.apk@classes.dex"), sym_name="oatdexlastword", sym_ver="(null)", caller="/system/lib/libart.so", caller_ns=(default)@0xf58aa2e0) ...
12-27 14:28:16.228 14098 14167 D linker  : ... dlsym successful: sym_name="oatdexlastword", sym_ver="(null)", found in="system@app@WebViewGoogle@WebViewGoogle.apk@classes.dex", address=0xcd77c47c
12-27 14:28:16.232 14098 14167 D linker  : dlopen(name="libwebviewchromium.so", flags=0x0, extinfo=[flags=0x209, reserved_addr=0xdb076000, reserved_size=0x7f34f20, relro_fd=77, library_fd=1880208128, library_fd_offset=0x7757523000000000, library_namespace=classloader-namespace@0xf5612150], caller="/system/lib/libwebviewchromium_loader.so", caller_ns=(default)@0xf58aa2e0) ...
12-27 14:28:16.279 14098 14167 D linker  : ... dlopen calling constructors: realpath="/system/app/WebViewGoogle/WebViewGoogle.apk!/lib/armeabi-v7a/libwebviewchromium.so", soname="libwebviewchromium.so", handle=0x4a144167
12-27 14:28:16.280 14098 14167 D linker  : ... dlopen successful: realpath="/system/app/WebViewGoogle/WebViewGoogle.apk!/lib/armeabi-v7a/libwebviewchromium.so", soname="libwebviewchromium.so", handle=0x4a144167
12-27 14:28:16.281 14098 14179 D linker  : dlsym(handle=0x7503a1b7("/vendor/lib/egl/libGLESv2_adreno.so"), sym_name="InitEsxProfile", sym_ver="(null)", caller="/vendor/lib/egl/libEGL_adreno.so", caller_ns=sphal@0xf5612010) ...
12-27 14:28:16.281 14098 14179 D linker  : ... dlsym successful: sym_name="InitEsxProfile", sym_ver="(null)", found in="libGLESv2_adreno.so", address=0xe30dbc11
12-27 14:28:16.281 14098 14134 D linker  : dlopen(name="/data/app/com.ss.android.ugc.aweme-ZgFDboAF0nTs1aOAUv9vUw==/lib/arm/libsscronet.so", flags=0x0, extinfo=[flags=0x200, reserved_addr=0xeb952000, reserved_size=0x43, relro_fd=91, library_fd=5963776, library_fd_offset=0xeb9048002da9da22, library_namespace=classloader-namespace@0xf5612110], caller="/system/lib/libnativeloader.so", caller_ns=(default)@0xf58aa2e0) ...
12-27 14:28:16.300 14098 14134 D linker  : ... dlopen calling constructors: realpath="/data/app/com.ss.android.ugc.aweme-ZgFDboAF0nTs1aOAUv9vUw==/lib/arm/libsscronet.so", soname="libsscronet.so", handle=0xeb5c2fbb
12-27 14:28:16.317 14098 14134 D linker  : ... dlopen successful: realpath="/data/app/com.ss.android.ugc.aweme-ZgFDboAF0nTs1aOAUv9vUw==/lib/arm/libsscronet.so", soname="libsscronet.so", handle=0xeb5c2fbb
12-27 14:28:16.318 14098 14134 D linker  : dlsym(handle=0xeb5c2fbb("/data/app/com.ss.android.ugc.aweme-ZgFDboAF0nTs1aOAUv9vUw==/lib/arm/libsscronet.so"), sym_name="JNI_OnLoad", sym_ver="(null)", caller="/system/lib/libart.so", caller_ns=(default)@0xf58aa2e0) ...
12-27 14:28:16.318 14098 14134 D linker  : ... dlsym successful: sym_name="JNI_OnLoad", sym_ver="(null)", found in="libsscronet.so", address=0xcbca2c1d
12-27 14:28:16.325 14098 14129 D linker  : dlopen(name="/data/data/com.ss.android.ugc.aweme/files/plugins/com.ss.android.ugc.aweme.videocache_v2/version-1021/apk/oat/arm/base-1.odex", flags=0x0, extinfo=[flags=0xc0, reserved_addr=0x0, reserved_size=0x0, relro_fd=0, library_fd=0, library_fd_offset=0x0, library_namespace=(n/a)@0x0], caller="/system/lib/libart.so", caller_ns=(default)@0xf58aa2e0) ...
12-27 14:28:16.342 14098 14129 D linker  : ... dlopen calling constructors: realpath="/data/data/com.ss.android.ugc.aweme/files/plugins/com.ss.android.ugc.aweme.videocache_v2/version-1021/apk/oat/arm/base-1.odex", soname="base-1.odex", handle=0xaee251a3
12-27 14:28:16.342 14098 14129 D linker  : ... dlopen successful: realpath="/data/data/com.ss.android.ugc.aweme/files/plugins/com.ss.android.ugc.aweme.videocache_v2/version-1021/apk/oat/arm/base-1.odex", soname="base-1.odex", handle=0xaee251a3
12-27 14:28:16.342 14098 14129 D linker  : dlsym(handle=0xaee251a3("/data/data/com.ss.android.ugc.aweme/files/plugins/com.ss.android.ugc.aweme.videocache_v2/version-1021/apk/oat/arm/base-1.odex"), sym_name="oatdata", sym_ver="(null)", caller="/system/lib/libart.so", caller_ns=(default)@0xf58aa2e0) ...
12-27 14:28:16.342 14098 14129 D linker  : ... dlsym successful: sym_name="oatdata", sym_ver="(null)", found in="base-1.odex", address=0xcb9ca000
12-27 14:28:16.342 14098 14129 D linker  : dlsym(handle=0xaee251a3("/data/data/com.ss.android.ugc.aweme/files/plugins/com.ss.android.ugc.aweme.videocache_v2/version-1021/apk/oat/arm/base-1.odex"), sym_name="oatlastword", sym_ver="(null)", caller="/system/lib/libart.so", caller_ns=(default)@0xf58aa2e0) ...
12-27 14:28:16.342 14098 14129 D linker  : ... dlsym successful: sym_name="oatlastword", sym_ver="(null)", found in="base-1.odex", address=0xcb9caffc
12-27 14:28:16.342 14098 14129 D linker  : dlsym(handle=0xaee251a3("/data/data/com.ss.android.ugc.aweme/files/plugins/com.ss.android.ugc.aweme.videocache_v2/version-1021/apk/oat/arm/base-1.odex"), sym_name="oatbss", sym_ver="(null)", caller="/system/lib/libart.so", caller_ns=(default)@0xf58aa2e0) ...
12-27 14:28:16.342 14098 14129 D linker  : ... dlsym failed: undefined symbol: oatbss
12-27 14:28:16.342 14098 14129 D linker  : dlerror set to "undefined symbol: oatbss"
12-27 14:28:16.342 14098 14129 D linker  : dlsym(handle=0xaee251a3("/data/data/com.ss.android.ugc.aweme/files/plugins/com.ss.android.ugc.aweme.videocache_v2/version-1021/apk/oat/arm/base-1.odex"), sym_name="oatdex", sym_ver="(null)", caller="/system/lib/libart.so", caller_ns=(default)@0xf58aa2e0) ...
12-27 14:28:16.343 14098 14129 D linker  : ... dlsym successful: sym_name="oatdex", sym_ver="(null)", found in="base-1.odex", address=0xcb9cb000
12-27 14:28:16.343 14098 14129 D linker  : dlsym(handle=0xaee251a3("/data/data/com.ss.android.ugc.aweme/files/plugins/com.ss.android.ugc.aweme.videocache_v2/version-1021/apk/oat/arm/base-1.odex"), sym_name="oatdexlastword", sym_ver="(null)", caller="/system/lib/libart.so", caller_ns=(default)@0xf58aa2e0) ...
12-27 14:28:16.343 14098 14129 D linker  : ... dlsym successful: sym_name="oatdexlastword", sym_ver="(null)", found in="base-1.odex", address=0xcbb37f98
12-27 14:28:16.350 14098 14182 D linker  : dlopen(name="/system/framework/oat/arm/gson.odex", flags=0x0, extinfo=[flags=0xc0, reserved_addr=0x0, reserved_size=0x0, relro_fd=0, library_fd=0, library_fd_offset=0x0, library_namespace=(n/a)@0x0], caller="/system/lib/libart.so", caller_ns=(default)@0xf58aa2e0) ...
12-27 14:28:16.361 14098 14182 D linker  : ... dlopen calling constructors: realpath="/system/framework/oat/arm/gson.odex", soname="javalib.odex", handle=0x36031e2d
12-27 14:28:16.361 14098 14182 D linker  : ... dlopen successful: realpath="/system/framework/oat/arm/gson.odex", soname="javalib.odex", handle=0x36031e2d
12-27 14:28:16.361 14098 14182 D linker  : dlsym(handle=0x36031e2d("/system/framework/oat/arm/gson.odex"), sym_name="oatdata", sym_ver="(null)", caller="/system/lib/libart.so", caller_ns=(default)@0xf58aa2e0) ...
12-27 14:28:16.361 14098 14182 D linker  : ... dlsym successful: sym_name="oatdata", sym_ver="(null)", found in="javalib.odex", address=0xcb58b000
12-27 14:28:16.361 14098 14182 D linker  : dlsym(handle=0x36031e2d("/system/framework/oat/arm/gson.odex"), sym_name="oatlastword", sym_ver="(null)", caller="/system/lib/libart.so", caller_ns=(default)@0xf58aa2e0) ...
12-27 14:28:16.361 14098 14182 D linker  : ... dlsym successful: sym_name="oatlastword", sym_ver="(null)", found in="javalib.odex", address=0xcb5cc514
12-27 14:28:16.361 14098 14182 D linker  : dlsym(handle=0x36031e2d("/system/framework/oat/arm/gson.odex"), sym_name="oatbss", sym_ver="(null)", caller="/system/lib/libart.so", caller_ns=(default)@0xf58aa2e0) ...
12-27 14:28:16.361 14098 14182 D linker  : ... dlsym successful: sym_name="oatbss", sym_ver="(null)", found in="javalib.odex", address=0xcb5cd000
12-27 14:28:16.362 14098 14182 D linker  : dlsym(handle=0x36031e2d("/system/framework/oat/arm/gson.odex"), sym_name="oatbsslastword", sym_ver="(null)", caller="/system/lib/libart.so", caller_ns=(default)@0xf58aa2e0) ...
12-27 14:28:16.362 14098 14182 D linker  : ... dlsym successful: sym_name="oatbsslastword", sym_ver="(null)", found in="javalib.odex", address=0xcb69752c
12-27 14:28:16.362 14098 14182 D linker  : dlsym(handle=0x36031e2d("/system/framework/oat/arm/gson.odex"), sym_name="oatbssmethods", sym_ver="(null)", caller="/system/lib/libart.so", caller_ns=(default)@0xf58aa2e0) ...
12-27 14:28:16.362 14098 14182 D linker  : ... dlsym successful: sym_name="oatbssmethods", sym_ver="(null)", found in="javalib.odex", address=0xcb697000
12-27 14:28:16.362 14098 14182 D linker  : dlsym(handle=0x36031e2d("/system/framework/oat/arm/gson.odex"), sym_name="oatbssroots", sym_ver="(null)", caller="/system/lib/libart.so", caller_ns=(default)@0xf58aa2e0) ...
12-27 14:28:16.362 14098 14182 D linker  : ... dlsym successful: sym_name="oatbssroots", sym_ver="(null)", found in="javalib.odex", address=0xcb697280
12-27 14:28:16.362 14098 14182 D linker  : dlsym(handle=0x36031e2d("/system/framework/oat/arm/gson.odex"), sym_name="oatdex", sym_ver="(null)", caller="/system/lib/libart.so", caller_ns=(default)@0xf58aa2e0) ...
12-27 14:28:16.362 14098 14182 D linker  : ... dlsym successful: sym_name="oatdex", sym_ver="(null)", found in="javalib.odex", address=0xcb698000
12-27 14:28:16.362 14098 14182 D linker  : dlsym(handle=0x36031e2d("/system/framework/oat/arm/gson.odex"), sym_name="oatdexlastword", sym_ver="(null)", caller="/system/lib/libart.so", caller_ns=(default)@0xf58aa2e0) ...
12-27 14:28:16.362 14098 14182 D linker  : ... dlsym successful: sym_name="oatdexlastword", sym_ver="(null)", found in="javalib.odex", address=0xcb6bc1d0
12-27 14:28:16.362 14098 14131 D linker  : dlopen(name="/data/app/com.ss.android.ugc.aweme-ZgFDboAF0nTs1aOAUv9vUw==/lib/arm/libttopenssl.so", flags=0x0, extinfo=[flags=0x200, reserved_addr=0xe46ee400, reserved_size=0x43, relro_fd=91, library_fd=1871454208, library_fd_offset=0xe49f66802da9da22, library_namespace=classloader-namespace@0xf5612110], caller="/system/lib/libnativeloader.so", caller_ns=(default)@0xf58aa2e0) ...
12-27 14:28:16.382 14098 14131 D linker  : ... dlopen calling constructors: realpath="/data/app/com.ss.android.ugc.aweme-ZgFDboAF0nTs1aOAUv9vUw==/lib/arm/libttopenssl.so", soname="libttopenssl.so", handle=0x9b846113
12-27 14:28:16.384 14098 14131 D linker  : ... dlopen successful: realpath="/data/app/com.ss.android.ugc.aweme-ZgFDboAF0nTs1aOAUv9vUw==/lib/arm/libttopenssl.so", soname="libttopenssl.so", handle=0x9b846113
12-27 14:28:16.385 14098 14131 D linker  : dlsym(handle=0x9b846113("/data/app/com.ss.android.ugc.aweme-ZgFDboAF0nTs1aOAUv9vUw==/lib/arm/libttopenssl.so"), sym_name="JNI_OnLoad", sym_ver="(null)", caller="/system/lib/libart.so", caller_ns=(default)@0xf58aa2e0) ...
12-27 14:28:16.385 14098 14131 D linker  : ... dlsym failed: undefined symbol: JNI_OnLoad
12-27 14:28:16.385 14098 14131 D linker  : dlerror set to "undefined symbol: JNI_OnLoad"
12-27 14:28:16.386 14098 14131 D linker  : dlopen(name="/data/app/com.ss.android.ugc.aweme-ZgFDboAF0nTs1aOAUv9vUw==/lib/arm/libwcdb.so", flags=0x0, extinfo=[flags=0x200, reserved_addr=0xe46ee400, reserved_size=0x43, relro_fd=91, library_fd=1871454208, library_fd_offset=0xe49f66802da9da22, library_namespace=classloader-namespace@0xf5612110], caller="/system/lib/libnativeloader.so", caller_ns=(default)@0xf58aa2e0) ...
12-27 14:28:16.395 14098 14131 D linker  : ... dlopen calling constructors: realpath="/data/app/com.ss.android.ugc.aweme-ZgFDboAF0nTs1aOAUv9vUw==/lib/arm/libwcdb.so", soname="libwcdb.so", handle=0x341ccc4d
12-27 14:28:16.397 14098 14131 D linker  : ... dlopen successful: realpath="/data/app/com.ss.android.ugc.aweme-ZgFDboAF0nTs1aOAUv9vUw==/lib/arm/libwcdb.so", soname="libwcdb.so", handle=0x341ccc4d
12-27 14:28:16.397 14098 14131 D linker  : dlsym(handle=0x341ccc4d("/data/app/com.ss.android.ugc.aweme-ZgFDboAF0nTs1aOAUv9vUw==/lib/arm/libwcdb.so"), sym_name="JNI_OnLoad", sym_ver="(null)", caller="/system/lib/libart.so", caller_ns=(default)@0xf58aa2e0) ...
12-27 14:28:16.398 14098 14131 D linker  : ... dlsym successful: sym_name="JNI_OnLoad", sym_ver="(null)", found in="libwcdb.so", address=0xca45c31d
12-27 14:28:16.401 14098 14129 D linker  : dlopen(name="/data/app/com.ss.android.ugc.aweme-ZgFDboAF0nTs1aOAUv9vUw==/lib/arm/libavmdl.so", flags=0x0, extinfo=[flags=0x200, reserved_addr=0xe49f8200, reserved_size=0x43, relro_fd=91, library_fd=1871454208, library_fd_offset=0xe8ee4f802da9da22, library_namespace=classloader-namespace@0xf5612110], caller="/system/lib/libnativeloader.so", caller_ns=(default)@0xf58aa2e0) ...
12-27 14:28:16.417 14098 14129 D linker  : ... dlopen calling constructors: realpath="/data/app/com.ss.android.ugc.aweme-ZgFDboAF0nTs1aOAUv9vUw==/lib/arm/libavmdl.so", soname="libavmdl.so", handle=0xf826276d
12-27 14:28:16.417 14098 14129 D linker  : ... dlopen successful: realpath="/data/app/com.ss.android.ugc.aweme-ZgFDboAF0nTs1aOAUv9vUw==/lib/arm/libavmdl.so", soname="libavmdl.so", handle=0xf826276d
12-27 14:28:16.417 14098 14129 D linker  : dlsym(handle=0xf826276d("/data/app/com.ss.android.ugc.aweme-ZgFDboAF0nTs1aOAUv9vUw==/lib/arm/libavmdl.so"), sym_name="JNI_OnLoad", sym_ver="(null)", caller="/system/lib/libart.so", caller_ns=(default)@0xf58aa2e0) ...
12-27 14:28:16.417 14098 14129 D linker  : ... dlsym successful: sym_name="JNI_OnLoad", sym_ver="(null)", found in="libavmdl.so", address=0xca004bc5
12-27 14:28:16.420 14098 14167 D linker  : dlopen(name="/system/app/WebViewGoogle/WebViewGoogle.apk!/lib/armeabi-v7a/libwebviewchromium.so", flags=0x0, extinfo=[flags=0x200, reserved_addr=0xcf746800, reserved_size=0x43, relro_fd=91, library_fd=-204424448, library_fd_offset=0xeb904d002da9da22, library_namespace=classloader-namespace@0xf5612150], caller="/system/lib/libnativeloader.so", caller_ns=(default)@0xf58aa2e0) ...
12-27 14:28:16.427 14098 14167 D linker  : ... dlopen calling constructors: realpath="/system/app/WebViewGoogle/WebViewGoogle.apk!/lib/armeabi-v7a/libwebviewchromium.so", soname="libwebviewchromium.so", handle=0x4a144167
12-27 14:28:16.427 14098 14167 D linker  : ... dlopen successful: realpath="/system/app/WebViewGoogle/WebViewGoogle.apk!/lib/armeabi-v7a/libwebviewchromium.so", soname="libwebviewchromium.so", handle=0x4a144167
12-27 14:28:16.427 14098 14167 D linker  : dlsym(handle=0x4a144167("/system/app/WebViewGoogle/WebViewGoogle.apk!/lib/armeabi-v7a/libwebviewchromium.so"), sym_name="JNI_OnLoad", sym_ver="(null)", caller="/system/lib/libart.so", caller_ns=(default)@0xf58aa2e0) ...
12-27 14:28:16.428 14098 14167 D linker  : ... dlsym successful: sym_name="JNI_OnLoad", sym_ver="(null)", found in="libwebviewchromium.so", address=0xdb954d8d
12-27 14:28:16.433 14098 14167 D linker  : dlsym(handle=0x4a144167("/system/app/WebViewGoogle/WebViewGoogle.apk!/lib/armeabi-v7a/libwebviewchromium.so"), sym_name="Java_org_chromium_base_CommandLine_nativeInit", sym_ver="(null)", caller="/system/lib/libart.so", caller_ns=(default)@0xf58aa2e0) ...
12-27 14:28:16.433 14098 14167 D linker  : ... dlsym successful: sym_name="Java_org_chromium_base_CommandLine_nativeInit", sym_ver="(null)", found in="libwebviewchromium.so", address=0xdc5350df
12-27 14:28:16.439 14098 14131 D linker  : dlopen(name="/data/app/com.ss.android.ugc.aweme-ZgFDboAF0nTs1aOAUv9vUw==/lib/arm/libnpth.so", flags=0x0, extinfo=[flags=0x200, reserved_addr=0xe46ee400, reserved_size=0x43, relro_fd=91, library_fd=5963776, library_fd_offset=0xe49f66802da9da22, library_namespace=classloader-namespace@0xf5612110], caller="/system/lib/libnativeloader.so", caller_ns=(default)@0xf58aa2e0) ...
12-27 14:28:16.449 14098 14131 D linker  : ... dlopen calling constructors: realpath="/data/app/com.ss.android.ugc.aweme-ZgFDboAF0nTs1aOAUv9vUw==/lib/arm/libnpth.so", soname="libnpth.so", handle=0x6f72dedf
12-27 14:28:16.449 14098 14131 D linker  : ... dlopen successful: realpath="/data/app/com.ss.android.ugc.aweme-ZgFDboAF0nTs1aOAUv9vUw==/lib/arm/libnpth.so", soname="libnpth.so", handle=0x6f72dedf
12-27 14:28:16.450 14098 14131 D linker  : dlsym(handle=0x6f72dedf("/data/app/com.ss.android.ugc.aweme-ZgFDboAF0nTs1aOAUv9vUw==/lib/arm/libnpth.so"), sym_name="JNI_OnLoad", sym_ver="(null)", caller="/system/lib/libart.so", caller_ns=(default)@0xf58aa2e0) ...
12-27 14:28:16.450 14098 14131 D linker  : ... dlsym successful: sym_name="JNI_OnLoad", sym_ver="(null)", found in="libnpth.so", address=0xc941ab08
12-27 14:28:16.451 14098 14167 D linker  : dlopen(name="/system/lib/libwebviewchromium_plat_support.so", flags=0x0, extinfo=[flags=0x200, reserved_addr=0xcf746800, reserved_size=0x43, relro_fd=91, library_fd=5963776, library_fd_offset=0xeb904d002da9da22, library_namespace=classloader-namespace@0xf5612150], caller="/system/lib/libnativeloader.so", caller_ns=(default)@0xf58aa2e0) ...
12-27 14:28:16.460 14098 14167 D linker  : ... dlopen calling constructors: realpath="/system/lib/libwebviewchromium_plat_support.so", soname="libwebviewchromium_plat_support.so", handle=0xb0c22885
12-27 14:28:16.460 14098 14167 D linker  : ... dlopen successful: realpath="/system/lib/libwebviewchromium_plat_support.so", soname="libwebviewchromium_plat_support.so", handle=0xb0c22885
12-27 14:28:16.466 14098 14167 D linker  : dlsym(handle=0xb0c22885("/system/lib/libwebviewchromium_plat_support.so"), sym_name="JNI_OnLoad", sym_ver="(null)", caller="/system/lib/libart.so", caller_ns=(default)@0xf58aa2e0) ...
12-27 14:28:16.466 14098 14167 D linker  : ... dlsym successful: sym_name="JNI_OnLoad", sym_ver="(null)", found in="libwebviewchromium_plat_support.so", address=0xed815351
12-27 14:28:16.471 14098 14131 D linker  : dlopen(name="/data/app/com.ss.android.ugc.aweme-ZgFDboAF0nTs1aOAUv9vUw==/lib/arm/libalog-lib.so", flags=0x0, extinfo=[flags=0x200, reserved_addr=0xe46ee400, reserved_size=0x43, relro_fd=91, library_fd=5963776, library_fd_offset=0xe49f66802da9da22, library_namespace=classloader-namespace@0xf5612110], caller="/system/lib/libnativeloader.so", caller_ns=(default)@0xf58aa2e0) ...
12-27 14:28:16.488 14098 14131 D linker  : ... dlopen calling constructors: realpath="/data/app/com.ss.android.ugc.aweme-ZgFDboAF0nTs1aOAUv9vUw==/lib/arm/libalog-lib.so", soname="libalog-lib.so", handle=0x3d11bfbf
12-27 14:28:16.490 14098 14131 D linker  : ... dlopen successful: realpath="/data/app/com.ss.android.ugc.aweme-ZgFDboAF0nTs1aOAUv9vUw==/lib/arm/libalog-lib.so", soname="libalog-lib.so", handle=0x3d11bfbf
12-27 14:28:16.491 14098 14167 D linker  : dlsym(handle=0x4a144167("/system/app/WebViewGoogle/WebViewGoogle.apk!/lib/armeabi-v7a/libwebviewchromium.so"), sym_name="Java_org_chromium_base_library_1loader_LibraryLoader_nativeLibraryLoaded", sym_ver="(null)", caller="/system/lib/libart.so", caller_ns=(default)@0xf58aa2e0) ...
12-27 14:28:16.492 14098 14167 D linker  : ... dlsym successful: sym_name="Java_org_chromium_base_library_1loader_LibraryLoader_nativeLibraryLoaded", sym_ver="(null)", found in="libwebviewchromium.so", address=0xdc537c99
12-27 14:28:16.495 14098 14131 D linker  : dlsym(handle=0x3d11bfbf("/data/app/com.ss.android.ugc.aweme-ZgFDboAF0nTs1aOAUv9vUw==/lib/arm/libalog-lib.so"), sym_name="JNI_OnLoad", sym_ver="(null)", caller="/system/lib/libart.so", caller_ns=(default)@0xf58aa2e0) ...
12-27 14:28:16.495 14098 14131 D linker  : ... dlsym failed: undefined symbol: JNI_OnLoad
12-27 14:28:16.496 14098 14131 D linker  : dlerror set to "undefined symbol: JNI_OnLoad"
12-27 14:28:16.524 14098 14215 D linker  : dlsym(handle=0xb63d7d1b("/data/app/com.ss.android.ugc.aweme-ZgFDboAF0nTs1aOAUv9vUw==/lib/arm/libAkeva.so"), sym_name="Java_com_ss_android_agilelogger_AgileDelegate_init", sym_ver="(null)", caller="/system/lib/libart.so", caller_ns=(default)@0xf58aa2e0) ...
12-27 14:28:16.524 14098 14215 D linker  : ... dlsym failed: undefined symbol: Java_com_ss_android_agilelogger_AgileDelegate_init
12-27 14:28:16.524 14098 14215 D linker  : dlerror set to "undefined symbol: Java_com_ss_android_agilelogger_AgileDelegate_init"
12-27 14:28:16.524 14098 14215 D linker  : dlsym(handle=0xb63d7d1b("/data/app/com.ss.android.ugc.aweme-ZgFDboAF0nTs1aOAUv9vUw==/lib/arm/libAkeva.so"), sym_name="Java_com_ss_android_agilelogger_AgileDelegate_init__Ljava_lang_String_2ILjava_lang_String_2Ljava_lang_String_2IZZII", sym_ver="(null)", caller="/system/lib/libart.so", caller_ns=(default)@0xf58aa2e0) ...
12-27 14:28:16.524 14098 14215 D linker  : ... dlsym failed: undefined symbol: Java_com_ss_android_agilelogger_AgileDelegate_init__Ljava_lang_String_2ILjava_lang_String_2Ljava_lang_String_2IZZII
12-27 14:28:16.524 14098 14215 D linker  : dlerror set to "undefined symbol: Java_com_ss_android_agilelogger_AgileDelegate_init__Ljava_lang_String_2ILjava_lang_String_2Ljava_lang_String_2IZZII"
12-27 14:28:16.524 14098 14215 D linker  : dlsym(handle=0x3d11bfbf("/data/app/com.ss.android.ugc.aweme-ZgFDboAF0nTs1aOAUv9vUw==/lib/arm/libalog-lib.so"), sym_name="Java_com_ss_android_agilelogger_AgileDelegate_init", sym_ver="(null)", caller="/system/lib/libart.so", caller_ns=(default)@0xf58aa2e0) ...
12-27 14:28:16.524 14098 14215 D linker  : ... dlsym successful: sym_name="Java_com_ss_android_agilelogger_AgileDelegate_init", sym_ver="(null)", found in="libalog-lib.so", address=0xc90da1b5
12-27 14:28:16.547 14098 14167 D linker  : dlsym(handle=0x4a144167("/system/app/WebViewGoogle/WebViewGoogle.apk!/lib/armeabi-v7a/libwebviewchromium.so"), sym_name="Java_org_chromium_base_library_1loader_LibraryLoader_nativeGetVersionNumber", sym_ver="(null)", caller="/system/lib/libart.so", caller_ns=(default)@0xf58aa2e0) ...
12-27 14:28:16.547 14098 14167 D linker  : ... dlsym successful: sym_name="Java_org_chromium_base_library_1loader_LibraryLoader_nativeGetVersionNumber", sym_ver="(null)", found in="libwebviewchromium.so", address=0xdc537ec9
12-27 14:28:16.548 14098 14167 D linker  : dlsym(handle=0x4a144167("/system/app/WebViewGoogle/WebViewGoogle.apk!/lib/armeabi-v7a/libwebviewchromium.so"), sym_name="Java_org_chromium_base_TraceEvent_nativeRegisterEnabledObserver", sym_ver="(null)", caller="/system/lib/libart.so", caller_ns=(default)@0xf58aa2e0) ...
12-27 14:28:16.548 14098 14167 D linker  : ... dlsym successful: sym_name="Java_org_chromium_base_TraceEvent_nativeRegisterEnabledObserver", sym_ver="(null)", found in="libwebviewchromium.so", address=0xdc53af25
12-27 14:28:16.548 14098 14215 D linker  : dlsym(handle=0xb63d7d1b("/data/app/com.ss.android.ugc.aweme-ZgFDboAF0nTs1aOAUv9vUw==/lib/arm/libAkeva.so"), sym_name="Java_com_ss_android_agilelogger_AgileDelegate_getAlogFuncAddr", sym_ver="(null)", caller="/system/lib/libart.so", caller_ns=(default)@0xf58aa2e0) ...
12-27 14:28:16.548 14098 14215 D linker  : ... dlsym failed: undefined symbol: Java_com_ss_android_agilelogger_AgileDelegate_getAlogFuncAddr
12-27 14:28:16.548 14098 14215 D linker  : dlerror set to "undefined symbol: Java_com_ss_android_agilelogger_AgileDelegate_getAlogFuncAddr"
12-27 14:28:16.548 14098 14215 D linker  : dlsym(handle=0xb63d7d1b("/data/app/com.ss.android.ugc.aweme-ZgFDboAF0nTs1aOAUv9vUw==/lib/arm/libAkeva.so"), sym_name="Java_com_ss_android_agilelogger_AgileDelegate_getAlogFuncAddr__", sym_ver="(null)", caller="/system/lib/libart.so", caller_ns=(default)@0xf58aa2e0) ...
12-27 14:28:16.548 14098 14215 D linker  : ... dlsym failed: undefined symbol: Java_com_ss_android_agilelogger_AgileDelegate_getAlogFuncAddr__
12-27 14:28:16.548 14098 14215 D linker  : dlerror set to "undefined symbol: Java_com_ss_android_agilelogger_AgileDelegate_getAlogFuncAddr__"
12-27 14:28:16.548 14098 14215 D linker  : dlsym(handle=0x3d11bfbf("/data/app/com.ss.android.ugc.aweme-ZgFDboAF0nTs1aOAUv9vUw==/lib/arm/libalog-lib.so"), sym_name="Java_com_ss_android_agilelogger_AgileDelegate_getAlogFuncAddr", sym_ver="(null)", caller="/system/lib/libart.so", caller_ns=(default)@0xf58aa2e0) ...
12-27 14:28:16.548 14098 14215 D linker  : ... dlsym successful: sym_name="Java_com_ss_android_agilelogger_AgileDelegate_getAlogFuncAddr", sym_ver="(null)", found in="libalog-lib.so", address=0xc90da2f1
12-27 14:28:16.549 14098 14215 D linker  : dlsym(handle=0xb63d7d1b("/data/app/com.ss.android.ugc.aweme-ZgFDboAF0nTs1aOAUv9vUw==/lib/arm/libAkeva.so"), sym_name="Java_com_ss_android_agilelogger_AgileDelegate_getFlushV2FuncAddr", sym_ver="(null)", caller="/system/lib/libart.so", caller_ns=(default)@0xf58aa2e0) ...
12-27 14:28:16.549 14098 14215 D linker  : ... dlsym failed: undefined symbol: Java_com_ss_android_agilelogger_AgileDelegate_getFlushV2FuncAddr
12-27 14:28:16.549 14098 14215 D linker  : dlerror set to "undefined symbol: Java_com_ss_android_agilelogger_AgileDelegate_getFlushV2FuncAddr"
12-27 14:28:16.549 14098 14215 D linker  : dlsym(handle=0xb63d7d1b("/data/app/com.ss.android.ugc.aweme-ZgFDboAF0nTs1aOAUv9vUw==/lib/arm/libAkeva.so"), sym_name="Java_com_ss_android_agilelogger_AgileDelegate_getFlushV2FuncAddr__", sym_ver="(null)", caller="/system/lib/libart.so", caller_ns=(default)@0xf58aa2e0) ...
12-27 14:28:16.549 14098 14215 D linker  : ... dlsym failed: undefined symbol: Java_com_ss_android_agilelogger_AgileDelegate_getFlushV2FuncAddr__
12-27 14:28:16.549 14098 14215 D linker  : dlerror set to "undefined symbol: Java_com_ss_android_agilelogger_AgileDelegate_getFlushV2FuncAddr__"
12-27 14:28:16.549 14098 14215 D linker  : dlsym(handle=0x3d11bfbf("/data/app/com.ss.android.ugc.aweme-ZgFDboAF0nTs1aOAUv9vUw==/lib/arm/libalog-lib.so"), sym_name="Java_com_ss_android_agilelogger_AgileDelegate_getFlushV2FuncAddr", sym_ver="(null)", caller="/system/lib/libart.so", caller_ns=(default)@0xf58aa2e0) ...
12-27 14:28:16.549 14098 14215 D linker  : ... dlsym successful: sym_name="Java_com_ss_android_agilelogger_AgileDelegate_getFlushV2FuncAddr", sym_ver="(null)", found in="libalog-lib.so", address=0xc90da339
12-27 14:28:16.549 14098 14215 D linker  : dlsym(handle=0xb63d7d1b("/data/app/com.ss.android.ugc.aweme-ZgFDboAF0nTs1aOAUv9vUw==/lib/arm/libAkeva.so"), sym_name="Java_com_ss_android_agilelogger_AgileDelegate_getLogStoreDirFuncAddr", sym_ver="(null)", caller="/system/lib/libart.so", caller_ns=(default)@0xf58aa2e0) ...
12-27 14:28:16.549 14098 14215 D linker  : ... dlsym failed: undefined symbol: Java_com_ss_android_agilelogger_AgileDelegate_getLogStoreDirFuncAddr
12-27 14:28:16.549 14098 14215 D linker  : dlerror set to "undefined symbol: Java_com_ss_android_agilelogger_AgileDelegate_getLogStoreDirFuncAddr"
12-27 14:28:16.549 14098 14215 D linker  : dlsym(handle=0xb63d7d1b("/data/app/com.ss.android.ugc.aweme-ZgFDboAF0nTs1aOAUv9vUw==/lib/arm/libAkeva.so"), sym_name="Java_com_ss_android_agilelogger_AgileDelegate_getLogStoreDirFuncAddr__", sym_ver="(null)", caller="/system/lib/libart.so", caller_ns=(default)@0xf58aa2e0) ...
12-27 14:28:16.549 14098 14215 D linker  : ... dlsym failed: undefined symbol: Java_com_ss_android_agilelogger_AgileDelegate_getLogStoreDirFuncAddr__
12-27 14:28:16.549 14098 14215 D linker  : dlerror set to "undefined symbol: Java_com_ss_android_agilelogger_AgileDelegate_getLogStoreDirFuncAddr__"
12-27 14:28:16.549 14098 14215 D linker  : dlsym(handle=0x3d11bfbf("/data/app/com.ss.android.ugc.aweme-ZgFDboAF0nTs1aOAUv9vUw==/lib/arm/libalog-lib.so"), sym_name="Java_com_ss_android_agilelogger_AgileDelegate_getLogStoreDirFuncAddr", sym_ver="(null)", caller="/system/lib/libart.so", caller_ns=(default)@0xf58aa2e0) ...
12-27 14:28:16.549 14098 14215 D linker  : ... dlsym successful: sym_name="Java_com_ss_android_agilelogger_AgileDelegate_getLogStoreDirFuncAddr", sym_ver="(null)", found in="libalog-lib.so", address=0xc90da35d
12-27 14:28:16.551 14098 14167 D linker  : dlsym(handle=0x4a144167("/system/app/WebViewGoogle/WebViewGoogle.apk!/lib/armeabi-v7a/libwebviewchromium.so"), sym_name="Java_org_chromium_android_1webview_AwCookieManager_nativeSetShouldAcceptCookies", sym_ver="(null)", caller="/system/lib/libart.so", caller_ns=(default)@0xf58aa2e0) ...
12-27 14:28:16.551 14098 14167 D linker  : ... dlsym successful: sym_name="Java_org_chromium_android_1webview_AwCookieManager_nativeSetShouldAcceptCookies", sym_ver="(null)", found in="libwebviewchromium.so", address=0xdb96c4cd
12-27 14:28:16.553 14098 14215 D linker  : dlsym(handle=0xb63d7d1b("/data/app/com.ss.android.ugc.aweme-ZgFDboAF0nTs1aOAUv9vUw==/lib/arm/libAkeva.so"), sym_name="Java_com_ss_android_agilelogger_AgileDelegate_write", sym_ver="(null)", caller="/system/lib/libart.so", caller_ns=(default)@0xf58aa2e0) ...
12-27 14:28:16.553 14098 14215 D linker  : ... dlsym failed: undefined symbol: Java_com_ss_android_agilelogger_AgileDelegate_write
12-27 14:28:16.553 14098 14215 D linker  : dlerror set to "undefined symbol: Java_com_ss_android_agilelogger_AgileDelegate_write"
12-27 14:28:16.554 14098 14215 D linker  : dlsym(handle=0xb63d7d1b("/data/app/com.ss.android.ugc.aweme-ZgFDboAF0nTs1aOAUv9vUw==/lib/arm/libAkeva.so"), sym_name="Java_com_ss_android_agilelogger_AgileDelegate_write__JLjava_lang_String_2", sym_ver="(null)", caller="/system/lib/libart.so", caller_ns=(default)@0xf58aa2e0) ...
12-27 14:28:16.554 14098 14215 D linker  : ... dlsym failed: undefined symbol: Java_com_ss_android_agilelogger_AgileDelegate_write__JLjava_lang_String_2
12-27 14:28:16.554 14098 14215 D linker  : dlerror set to "undefined symbol: Java_com_ss_android_agilelogger_AgileDelegate_write__JLjava_lang_String_2"
12-27 14:28:16.554 14098 14215 D linker  : dlsym(handle=0x3d11bfbf("/data/app/com.ss.android.ugc.aweme-ZgFDboAF0nTs1aOAUv9vUw==/lib/arm/libalog-lib.so"), sym_name="Java_com_ss_android_agilelogger_AgileDelegate_write", sym_ver="(null)", caller="/system/lib/libart.so", caller_ns=(default)@0xf58aa2e0) ...
12-27 14:28:16.554 14098 14215 D linker  : ... dlsym successful: sym_name="Java_com_ss_android_agilelogger_AgileDelegate_write", sym_ver="(null)", found in="libalog-lib.so", address=0xc90da171
12-27 14:28:16.619 14098 14129 D linker  : dlopen(name="/data/data/com.ss.android.ugc.aweme/files/plugins/com.bytedance.aweme.f.two/version-92002/apk/oat/arm/base-1.odex", flags=0x0, extinfo=[flags=0xc0, reserved_addr=0x0, reserved_size=0x0, relro_fd=0, library_fd=0, library_fd_offset=0x0, library_namespace=(n/a)@0x0], caller="/system/lib/libart.so", caller_ns=(default)@0xf58aa2e0) ...
12-27 14:28:16.623 14098 14129 D linker  : ... dlopen calling constructors: realpath="/data/data/com.ss.android.ugc.aweme/files/plugins/com.bytedance.aweme.f.two/version-92002/apk/oat/arm/base-1.odex", soname="base-1.odex", handle=0xd17cf625
12-27 14:28:16.623 14098 14129 D linker  : ... dlopen successful: realpath="/data/data/com.ss.android.ugc.aweme/files/plugins/com.bytedance.aweme.f.two/version-92002/apk/oat/arm/base-1.odex", soname="base-1.odex", handle=0xd17cf625
12-27 14:28:16.624 14098 14129 D linker  : dlsym(handle=0xd17cf625("/data/data/com.ss.android.ugc.aweme/files/plugins/com.bytedance.aweme.f.two/version-92002/apk/oat/arm/base-1.odex"), sym_name="oatdata", sym_ver="(null)", caller="/system/lib/libart.so", caller_ns=(default)@0xf58aa2e0) ...
12-27 14:28:16.624 14098 14129 D linker  : ... dlsym successful: sym_name="oatdata", sym_ver="(null)", found in="base-1.odex", address=0xc7621000
12-27 14:28:16.624 14098 14129 D linker  : dlsym(handle=0xd17cf625("/data/data/com.ss.android.ugc.aweme/files/plugins/com.bytedance.aweme.f.two/version-92002/apk/oat/arm/base-1.odex"), sym_name="oatlastword", sym_ver="(null)", caller="/system/lib/libart.so", caller_ns=(default)@0xf58aa2e0) ...
12-27 14:28:16.624 14098 14129 D linker  : ... dlsym successful: sym_name="oatlastword", sym_ver="(null)", found in="base-1.odex", address=0xc763c18a
12-27 14:28:16.624 14098 14129 D linker  : dlsym(handle=0xd17cf625("/data/data/com.ss.android.ugc.aweme/files/plugins/com.bytedance.aweme.f.two/version-92002/apk/oat/arm/base-1.odex"), sym_name="oatbss", sym_ver="(null)", caller="/system/lib/libart.so", caller_ns=(default)@0xf58aa2e0) ...
12-27 14:28:16.624 14098 14129 D linker  : ... dlsym successful: sym_name="oatbss", sym_ver="(null)", found in="base-1.odex", address=0xc763d000
12-27 14:28:16.624 14098 14129 D linker  : dlsym(handle=0xd17cf625("/data/data/com.ss.android.ugc.aweme/files/plugins/com.bytedance.aweme.f.two/version-92002/apk/oat/arm/base-1.odex"), sym_name="oatbsslastword", sym_ver="(null)", caller="/system/lib/libart.so", caller_ns=(default)@0xf58aa2e0) ...
12-27 14:28:16.624 14098 14129 D linker  : ... dlsym successful: sym_name="oatbsslastword", sym_ver="(null)", found in="base-1.odex", address=0xc763d338
12-27 14:28:16.624 14098 14129 D linker  : dlsym(handle=0xd17cf625("/data/data/com.ss.android.ugc.aweme/files/plugins/com.bytedance.aweme.f.two/version-92002/apk/oat/arm/base-1.odex"), sym_name="oatbssmethods", sym_ver="(null)", caller="/system/lib/libart.so", caller_ns=(default)@0xf58aa2e0) ...
12-27 14:28:16.624 14098 14129 D linker  : ... dlsym successful: sym_name="oatbssmethods", sym_ver="(null)", found in="base-1.odex", address=0xc763d000
12-27 14:28:16.624 14098 14129 D linker  : dlsym(handle=0xd17cf625("/data/data/com.ss.android.ugc.aweme/files/plugins/com.bytedance.aweme.f.two/version-92002/apk/oat/arm/base-1.odex"), sym_name="oatbssroots", sym_ver="(null)", caller="/system/lib/libart.so", caller_ns=(default)@0xf58aa2e0) ...
12-27 14:28:16.624 14098 14129 D linker  : ... dlsym successful: sym_name="oatbssroots", sym_ver="(null)", found in="base-1.odex", address=0xc763d078
12-27 14:28:16.624 14098 14129 D linker  : dlsym(handle=0xd17cf625("/data/data/com.ss.android.ugc.aweme/files/plugins/com.bytedance.aweme.f.two/version-92002/apk/oat/arm/base-1.odex"), sym_name="oatdex", sym_ver="(null)", caller="/system/lib/libart.so", caller_ns=(default)@0xf58aa2e0) ...
12-27 14:28:16.624 14098 14129 D linker  : ... dlsym successful: sym_name="oatdex", sym_ver="(null)", found in="base-1.odex", address=0xc763e000
12-27 14:28:16.624 14098 14129 D linker  : dlsym(handle=0xd17cf625("/data/data/com.ss.android.ugc.aweme/files/plugins/com.bytedance.aweme.f.two/version-92002/apk/oat/arm/base-1.odex"), sym_name="oatdexlastword", sym_ver="(null)", caller="/system/lib/libart.so", caller_ns=(default)@0xf58aa2e0) ...
12-27 14:28:16.624 14098 14129 D linker  : ... dlsym successful: sym_name="oatdexlastword", sym_ver="(null)", found in="base-1.odex", address=0xc7939b88
12-27 14:28:16.670 14098 14131 D linker  : dlopen(name="/data/data/com.ss.android.ugc.aweme/files/plugins/com.ss.android.ugc.aweme.miniapp/version-92004/apk/oat/arm/base-1.odex", flags=0x0, extinfo=[flags=0xc0, reserved_addr=0x0, reserved_size=0x0, relro_fd=0, library_fd=0, library_fd_offset=0x0, library_namespace=(n/a)@0x0], caller="/system/lib/libart.so", caller_ns=(default)@0xf58aa2e0) ...
